300 cells
chatbot 0 16 16 0.5 load 147/791 lmetric 97/768 detector60 97/768 detector10 97/768 alarm60 12 filt60 0 filt10 0
chatbot 0 16 16 0.7 load 168/860 lmetric 107/786 detector60 107/786 detector10 107/786 alarm60 17 filt60 0 filt10 0
chatbot 0 16 16 0.9 load 262/1402 lmetric 133/883 detector60 132/886 detector10 132/886 alarm60 17 filt60 3 filt10 3
chatbot 1800 16 16 0.5 load 158/788 lmetric 110/774 detector60 110/774 detector10 110/774 alarm60 18 filt60 0 filt10 0
chatbot 1800 16 16 0.7 load 179/849 lmetric 120/798 detector60 120/798 detector10 120/798 alarm60 6 filt60 0 filt10 0
trace-b 0 16 16 0.5 load 57/461 lmetric 48/337 detector60 48/336 detector10 48/336 alarm60 16 filt60 5 filt10 5
trace-b 0 16 16 0.7 load 72/557 lmetric 54/355 detector60 54/355 detector10 54/355 alarm60 3 filt60 0 filt10 0
chatbot 1800 16 16 0.9 load 272/1327 lmetric 145/877 detector60 145/877 detector10 145/877 alarm60 8 filt60 0 filt10 0
trace-b 0 16 16 0.9 load 114/778 lmetric 74/396 detector60 74/396 detector10 74/396 alarm60 1 filt60 0 filt10 0
chatbot 3600 16 16 0.7 load 174/818 lmetric 112/782 detector60 112/782 detector10 112/782 alarm60 15 filt60 0 filt10 0
chatbot 3600 16 16 0.5 load 159/783 lmetric 104/766 detector60 104/766 detector10 104/766 alarm60 14 filt60 0 filt10 0
chatbot 3600 16 16 0.9 load 217/1007 lmetric 127/818 detector60 127/818 detector10 127/818 alarm60 9 filt60 0 filt10 0
trace-b 600 16 16 0.5 load 60/468 lmetric 51/358 detector60 51/358 detector10 51/358 alarm60 0 filt60 0 filt10 0
trace-b 600 16 16 0.7 load 75/583 lmetric 58/378 detector60 58/378 detector10 58/378 alarm60 0 filt60 0 filt10 0
trace-b 600 16 16 0.9 load 116/765 lmetric 78/410 detector60 78/410 detector10 78/410 alarm60 0 filt60 0 filt10 0
trace-b 1200 16 16 0.5 load 57/415 lmetric 48/309 detector60 48/309 detector10 48/309 alarm60 14 filt60 0 filt10 0
trace-b 1200 16 16 0.7 load 67/499 lmetric 54/320 detector60 54/320 detector10 54/320 alarm60 8 filt60 0 filt10 0
trace-b 1200 16 16 0.9 load 94/672 lmetric 67/332 detector60 67/332 detector10 67/332 alarm60 6 filt60 0 filt10 0
chatbot 5400 16 16 0.5 load 176/787 lmetric 113/769 detector60 113/769 detector10 113/769 alarm60 9 filt60 0 filt10 0
chatbot 5400 16 16 0.7 load 194/827 lmetric 120/786 detector60 122/787 detector10 122/787 alarm60 12 filt60 6 filt10 6
trace-b 1800 16 16 0.5 load 62/519 lmetric 51/394 detector60 51/402 detector10 51/402 alarm60 9 filt60 3 filt10 3
trace-b 1800 16 16 0.7 load 77/613 lmetric 59/417 detector60 59/417 detector10 59/417 alarm60 7 filt60 4 filt10 4
chatbot 5400 16 16 0.9 load 250/1042 lmetric 139/827 detector60 139/827 detector10 139/827 alarm60 21 filt60 0 filt10 0
trace-b 1800 16 16 0.9 load 122/796 lmetric 79/454 detector60 79/454 detector10 79/454 alarm60 21 filt60 0 filt10 0
coder 0 16 16 0.7 load 330/965 lmetric 207/803 detector60 207/803 detector10 207/804 alarm60 0 filt60 0 filt10 5
coder 0 16 16 0.5 load 301/803 lmetric 197/781 detector60 197/781 detector10 198/780 alarm60 1 filt60 0 filt10 8
coder 0 16 16 0.9 load 414/1433 lmetric 228/870 detector60 228/870 detector10 230/868 alarm60 0 filt60 0 filt10 2
coder 1800 16 16 0.5 load 305/798 lmetric 192/778 detector60 192/778 detector10 192/779 alarm60 0 filt60 0 filt10 3
coder 1800 16 16 0.7 load 326/909 lmetric 202/797 detector60 202/797 detector10 203/799 alarm60 0 filt60 0 filt10 2
coder 1800 16 16 0.9 load 391/1261 lmetric 222/847 detector60 223/843 detector10 218/844 alarm60 5 filt60 2 filt10 4
coder 3600 16 16 0.7 load 332/913 lmetric 214/804 detector60 214/804 detector10 215/804 alarm60 3 filt60 0 filt10 1
coder 3600 16 16 0.5 load 307/798 lmetric 205/783 detector60 205/783 detector10 204/782 alarm60 5 filt60 0 filt10 3
coder 3600 16 16 0.9 load 410/1379 lmetric 237/864 detector60 237/864 detector10 237/864 alarm60 5 filt60 0 filt10 1
coder 5400 16 16 0.5 load 296/799 lmetric 197/780 detector60 197/780 detector10 197/780 alarm60 0 filt60 0 filt10 2
kimi 0 16 16 0.7 load 373/1538 lmetric 250/878 detector60 243/882 detector10 243/882 alarm60 32 filt60 5 filt10 5
kimi 0 16 16 0.5 load 320/1263 lmetric 234/823 detector60 230/847 detector10 230/847 alarm60 32 filt60 5 filt10 5
coder 5400 16 16 0.7 load 318/880 lmetric 207/801 detector60 207/801 detector10 207/802 alarm60 0 filt60 0 filt10 2
kimi 0 16 16 0.9 load 446/1707 lmetric 277/923 detector60 263/932 detector10 263/932 alarm60 32 filt60 5 filt10 5
coder 5400 16 16 0.9 load 388/1247 lmetric 227/860 detector60 227/860 detector10 227/859 alarm60 0 filt60 0 filt10 1
thinking 0 16 16 0.5 load 332/1505 lmetric 167/848 detector60 167/848 detector10 167/848 alarm60 1 filt60 0 filt10 2
kimi 900 16 16 0.5 load 328/1479 lmetric 239/826 detector60 234/854 detector10 235/845 alarm60 19 filt60 4 filt10 5
kimi 900 16 16 0.7 load 377/1526 lmetric 256/891 detector60 249/899 detector10 249/899 alarm60 19 filt60 4 filt10 4
thinking 0 16 16 0.7 load 603/2886 lmetric 226/1073 detector60 226/1073 detector10 227/1073 alarm60 0 filt60 0 filt10 3
thinking 0 16 16 0.9 load 1050/4548 lmetric 298/1414 detector60 298/1414 detector10 298/1414 alarm60 0 filt60 0 filt10 1
kimi 900 16 16 0.9 load 433/1642 lmetric 279/909 detector60 270/917 detector10 270/917 alarm60 19 filt60 4 filt10 4
kimi 1800 16 16 0.7 load 395/1590 lmetric 262/901 detector60 252/925 detector10 252/925 alarm60 34 filt60 11 filt10 11
kimi 1800 16 16 0.5 load 339/1479 lmetric 242/859 detector60 234/874 detector10 234/874 alarm60 33 filt60 11 filt10 11
kimi 2700 16 16 0.7 load 395/1566 lmetric 251/912 detector60 251/912 detector10 251/912 alarm60 8 filt60 0 filt10 0
kimi 2700 16 16 0.9 load 489/1790 lmetric 274/951 detector60 274/951 detector10 274/951 alarm60 8 filt60 0 filt10 0
kimi 2700 16 16 0.5 load 339/1479 lmetric 234/865 detector60 234/865 detector10 235/867 alarm60 8 filt60 0 filt10 3
kimi 1800 16 16 0.9 load 463/1758 lmetric 283/928 detector60 272/948 detector10 272/948 alarm60 33 filt60 11 filt10 11
thinking 1800 16 16 0.5 load 168/813 lmetric 138/781 detector60 122/791 detector10 122/792 alarm60 66 filt60 7 filt10 8
thinking 1800 16 16 0.7 load 188/896 lmetric 155/812 detector60 134/817 detector10 133/822 alarm60 33 filt60 5 filt10 7
thinking 1800 16 16 0.9 load 237/1060 lmetric 222/932 detector60 160/917 detector10 160/926 alarm60 14 filt60 13 filt10 14
thinking 5400 16 16 0.7 load 259/996 lmetric 197/846 detector60 197/846 detector10 197/846 alarm60 0 filt60 0 filt10 2
thinking 5400 16 16 0.5 load 238/856 lmetric 186/808 detector60 188/813 detector10 189/813 alarm60 4 filt60 1 filt10 5
thinking 5400 16 16 0.9 load 287/1143 lmetric 211/893 detector60 211/893 detector10 210/893 alarm60 0 filt60 0 filt10 2
thinking 3600 16 16 0.5 load 276/808 lmetric 249/798 detector60 239/800 detector10 240/801 alarm60 19 filt60 7 filt10 11
thinking 3600 16 16 0.7 load 300/949 lmetric 259/854 detector60 252/855 detector10 252/852 alarm60 19 filt60 7 filt10 9
thinking 3600 16 16 0.9 load 367/1303 lmetric 317/1086 detector60 293/1044 detector10 293/1044 alarm60 19 filt60 7 filt10 7
chatbot 0 4 1 0.5 load 167/813 lmetric 151/786 detector60 151/786 detector10 151/786 alarm60 2 filt60 0 filt10 0
chatbot 0 4 1 0.7 load 365/4838 lmetric 272/3626 detector60 272/3626 detector10 272/3626 alarm60 2 filt60 0 filt10 0
chatbot 0 4 1 0.9 load 10658/54153 lmetric 9724/53351 detector60 9724/53351 detector10 9724/53351 alarm60 2 filt60 0 filt10 0
trace-b 0 4 1 0.5 load 68/569 lmetric 58/422 detector60 58/422 detector10 58/422 alarm60 0 filt60 0 filt10 0
trace-b 0 4 1 0.7 load 106/1269 lmetric 85/1121 detector60 85/1121 detector10 85/1121 alarm60 0 filt60 0 filt10 0
chatbot 1800 4 1 0.5 load 168/794 lmetric 161/785 detector60 160/786 detector10 160/786 alarm60 2 filt60 1 filt10 1
chatbot 1800 4 1 0.7 load 294/3905 lmetric 241/3122 detector60 233/2937 detector10 233/2937 alarm60 2 filt60 1 filt10 1
trace-b 0 4 1 0.9 load 928/5282 lmetric 455/3562 detector60 455/3562 detector10 455/3562 alarm60 0 filt60 0 filt10 0
trace-b 600 4 1 0.5 load 73/618 lmetric 62/460 detector60 62/460 detector10 62/460 alarm60 0 filt60 0 filt10 0
trace-b 600 4 1 0.7 load 103/902 lmetric 78/721 detector60 78/721 detector10 78/721 alarm60 0 filt60 0 filt10 0
chatbot 3600 4 1 0.7 load 224/2166 lmetric 194/1606 detector60 194/1606 detector10 194/1606 alarm60 0 filt60 0 filt10 0
chatbot 1800 4 1 0.9 load 4066/25582 lmetric 3587/25087 detector60 3510/23740 detector10 3510/23740 alarm60 2 filt60 1 filt10 1
chatbot 3600 4 1 0.5 load 170/784 lmetric 162/779 detector60 162/779 detector10 162/779 alarm60 0 filt60 0 filt10 0
trace-b 600 4 1 0.9 load 2018/11412 lmetric 1816/9889 detector60 1816/9889 detector10 1816/9889 alarm60 0 filt60 0 filt10 0
trace-b 1200 4 1 0.5 load 69/610 lmetric 58/372 detector60 58/372 detector10 58/372 alarm60 0 filt60 0 filt10 0
trace-b 1200 4 1 0.7 load 114/1407 lmetric 73/640 detector60 73/640 detector10 73/640 alarm60 1 filt60 0 filt10 0
chatbot 3600 4 1 0.9 load 1299/8565 lmetric 987/7536 detector60 987/7536 detector10 987/7536 alarm60 0 filt60 0 filt10 0
trace-b 1200 4 1 0.9 load 1406/7080 lmetric 804/5753 detector60 804/5753 detector10 804/5753 alarm60 1 filt60 0 filt10 0
trace-b 1800 4 1 0.5 load 74/633 lmetric 62/494 detector60 62/494 detector10 62/494 alarm60 1 filt60 0 filt10 0
trace-b 1800 4 1 0.7 load 104/889 lmetric 77/666 detector60 77/666 detector10 77/666 alarm60 2 filt60 0 filt10 0
trace-b 1800 4 1 0.9 load 2927/12334 lmetric 2228/11481 detector60 2228/11481 detector10 2228/11481 alarm60 0 filt60 0 filt10 0
chatbot 5400 4 1 0.5 load 188/791 lmetric 180/782 detector60 180/782 detector10 180/782 alarm60 0 filt60 0 filt10 0
chatbot 5400 4 1 0.7 load 248/2385 lmetric 216/1757 detector60 216/1757 detector10 216/1757 alarm60 0 filt60 0 filt10 0
chatbot 5400 4 1 0.9 load 770/6982 lmetric 586/5681 detector60 586/5681 detector10 586/5681 alarm60 0 filt60 0 filt10 0
coder 0 4 1 0.5 load 379/975 lmetric 331/805 detector60 331/805 detector10 332/806 alarm60 6 filt60 2 filt10 9
coder 0 4 1 0.7 load 500/3471 lmetric 419/2978 detector60 419/2978 detector10 419/3053 alarm60 1 filt60 0 filt10 10
coder 1800 4 1 0.5 load 384/906 lmetric 339/806 detector60 339/806 detector10 341/808 alarm60 0 filt60 0 filt10 7
coder 0 4 1 0.9 load 2908/16354 lmetric 2209/14377 detector60 2209/14377 detector10 2209/14377 alarm60 0 filt60 0 filt10 0
coder 1800 4 1 0.7 load 499/3549 lmetric 428/2949 detector60 428/2949 detector10 430/3037 alarm60 0 filt60 0 filt10 5
kimi 0 4 1 0.5 load 990/6548 lmetric 798/2867 detector60 810/2970 detector10 810/2970 alarm60 130 filt60 109 filt10 90
coder 3600 4 1 0.5 load 380/834 lmetric 336/800 detector60 335/800 detector10 335/799 alarm60 5 filt60 1 filt10 7
coder 3600 4 1 0.7 load 472/2844 lmetric 399/2204 detector60 399/2204 detector10 399/2361 alarm60 2 filt60 1 filt10 4
kimi 0 4 1 0.7 load 1380/8394 lmetric 1061/6008 detector60 1073/5914 detector10 1090/6458 alarm60 151 filt60 111 filt10 138
coder 5400 4 1 0.5 load 369/878 lmetric 323/800 detector60 323/800 detector10 323/800 alarm60 0 filt60 0 filt10 2
coder 1800 4 1 0.9 load 1391/9160 lmetric 1055/7655 detector60 1055/7655 detector10 1038/7837 alarm60 0 filt60 0 filt10 5
coder 5400 4 1 0.7 load 466/3032 lmetric 391/2545 detector60 391/2545 detector10 391/2504 alarm60 0 filt60 0 filt10 2
coder 3600 4 1 0.9 load 1735/10032 lmetric 1254/8331 detector60 1254/8331 detector10 1254/8331 alarm60 0 filt60 0 filt10 0
kimi 900 4 1 0.5 load 1006/6822 lmetric 839/3633 detector60 856/4534 detector10 848/3403 alarm60 156 filt60 127 filt10 137
kimi 900 4 1 0.7 load 1269/8062 lmetric 1015/5428 detector60 1049/5586 detector10 1064/6102 alarm60 186 filt60 138 filt10 145
kimi 0 4 1 0.9 load 3313/14873 lmetric 2381/11948 detector60 2442/11906 detector10 2623/12184 alarm60 289 filt60 201 filt10 241
kimi 1800 4 1 0.5 load 1049/6984 lmetric 865/4239 detector60 877/4636 detector10 873/3487 alarm60 110 filt60 70 filt10 105
kimi 900 4 1 0.9 load 2614/12468 lmetric 2035/10550 detector60 2025/10437 detector10 2114/10248 alarm60 270 filt60 200 filt10 162
kimi 1800 4 1 0.7 load 1385/8756 lmetric 1092/7439 detector60 1115/7409 detector10 1131/7530 alarm60 148 filt60 123 filt10 188
coder 5400 4 1 0.9 load 1935/13578 lmetric 1460/10621 detector60 1460/10621 detector10 1449/10744 alarm60 0 filt60 0 filt10 2
thinking 0 4 1 0.5 load 8780/25755 lmetric 7434/24374 detector60 7434/24374 detector10 7434/24374 alarm60 0 filt60 0 filt10 0
kimi 2700 4 1 0.5 load 1137/8312 lmetric 920/7352 detector60 928/7527 detector10 942/7570 alarm60 72 filt60 53 filt10 89
thinking 0 4 1 0.7 load 35530/89795 lmetric 34450/100778 detector60 34450/100778 detector10 34451/100778 alarm60 13 filt60 1 filt10 1
kimi 2700 4 1 0.7 load 1650/9504 lmetric 1299/8569 detector60 1310/8305 detector10 1333/8666 alarm60 168 filt60 120 filt10 161
thinking 1800 4 1 0.5 load 207/1479 lmetric 173/1204 detector60 171/1082 detector10 182/1423 alarm60 19 filt60 5 filt10 11
kimi 1800 4 1 0.9 load 3097/15106 lmetric 2240/11734 detector60 2381/12988 detector10 2445/13336 alarm60 284 filt60 211 filt10 227
thinking 0 4 1 0.9 load 62488/140596 lmetric 59440/144641 detector60 59420/144641 detector10 59409/144641 alarm60 9 filt60 7 filt10 1
thinking 1800 4 1 0.7 load 429/6144 lmetric 288/4218 detector60 284/4233 detector10 274/4047 alarm60 8 filt60 2 filt10 11
thinking 5400 4 1 0.5 load 450/5532 lmetric 357/4033 detector60 357/4033 detector10 357/4033 alarm60 0 filt60 0 filt10 0
kimi 2700 4 1 0.9 load 3839/17248 lmetric 2931/14820 detector60 2987/15453 detector10 3132/14627 alarm60 346 filt60 254 filt10 266
thinking 1800 4 1 0.9 load 3107/18911 lmetric 2050/13720 detector60 2081/15057 detector10 1873/13900 alarm60 22 filt60 8 filt10 19
thinking 5400 4 1 0.7 load 2312/22606 lmetric 2262/20087 detector60 2262/20087 detector10 2262/20087 alarm60 0 filt60 0 filt10 0
thinking 5400 4 1 0.9 load 7987/36667 lmetric 8187/31786 detector60 8187/31786 detector10 8187/31786 alarm60 0 filt60 0 filt10 0
thinking 3600 4 1 0.5 load 331/1902 lmetric 295/1046 detector60 292/920 detector10 296/1102 alarm60 26 filt60 8 filt10 20
thinking 3600 4 1 0.7 load 583/5723 lmetric 428/4985 detector60 455/4909 detector10 422/4401 alarm60 37 filt60 15 filt10 9
thinking 3600 4 1 0.9 load 6506/32532 lmetric 5621/26444 detector60 5422/25834 detector10 5664/27054 alarm60 21 filt60 12 filt10 5
chatbot 0 16 4 0.5 load 148/788 lmetric 107/771 detector60 107/771 detector10 107/771 alarm60 17 filt60 0 filt10 0
chatbot 0 16 4 0.7 load 165/839 lmetric 117/795 detector60 117/795 detector10 117/795 alarm60 17 filt60 0 filt10 0
chatbot 0 16 4 0.9 load 378/5243 lmetric 137/884 detector60 137/884 detector10 137/884 alarm60 17 filt60 0 filt10 0
trace-b 0 16 4 0.5 load 59/463 lmetric 48/351 detector60 47/349 detector10 47/349 alarm60 12 filt60 5 filt10 5
trace-b 0 16 4 0.7 load 70/541 lmetric 53/355 detector60 53/355 detector10 53/355 alarm60 3 filt60 0 filt10 0
chatbot 1800 16 4 0.5 load 159/786 lmetric 124/775 detector60 124/775 detector10 124/775 alarm60 12 filt60 0 filt10 0
trace-b 0 16 4 0.9 load 100/713 lmetric 65/389 detector60 65/389 detector10 65/389 alarm60 3 filt60 0 filt10 0
chatbot 1800 16 4 0.7 load 178/833 lmetric 133/801 detector60 133/801 detector10 133/801 alarm60 8 filt60 0 filt10 0
chatbot 1800 16 4 0.9 load 253/1165 lmetric 156/884 detector60 156/884 detector10 156/884 alarm60 6 filt60 0 filt10 0
trace-b 600 16 4 0.5 load 63/520 lmetric 51/371 detector60 51/371 detector10 51/371 alarm60 0 filt60 0 filt10 0
trace-b 600 16 4 0.7 load 74/602 lmetric 56/378 detector60 56/378 detector10 56/378 alarm60 0 filt60 0 filt10 0
chatbot 3600 16 4 0.5 load 161/777 lmetric 127/772 detector60 127/772 detector10 127/772 alarm60 7 filt60 0 filt10 0
trace-b 600 16 4 0.9 load 107/695 lmetric 69/413 detector60 69/413 detector10 69/413 alarm60 0 filt60 0 filt10 0
trace-b 1200 16 4 0.5 load 60/460 lmetric 49/332 detector60 49/332 detector10 49/332 alarm60 14 filt60 0 filt10 0
chatbot 3600 16 4 0.7 load 173/805 lmetric 133/785 detector60 133/785 detector10 133/785 alarm60 13 filt60 0 filt10 0
trace-b 1200 16 4 0.7 load 69/572 lmetric 53/329 detector60 53/329 detector10 53/329 alarm60 7 filt60 0 filt10 0
chatbot 3600 16 4 0.9 load 201/918 lmetric 147/835 detector60 147/835 detector10 147/835 alarm60 9 filt60 0 filt10 0
trace-b 1200 16 4 0.9 load 91/655 lmetric 63/349 detector60 63/349 detector10 63/349 alarm60 6 filt60 0 filt10 0
trace-b 1800 16 4 0.5 load 65/581 lmetric 52/409 detector60 52/409 detector10 52/409 alarm60 11 filt60 0 filt10 0
trace-b 1800 16 4 0.7 load 76/624 lmetric 57/419 detector60 57/423 detector10 57/423 alarm60 7 filt60 4 filt10 4
trace-b 1800 16 4 0.9 load 108/746 lmetric 69/432 detector60 69/435 detector10 69/439 alarm60 12 filt60 8 filt10 5
chatbot 5400 16 4 0.5 load 180/784 lmetric 144/776 detector60 144/776 detector10 144/776 alarm60 12 filt60 0 filt10 0
chatbot 5400 16 4 0.7 load 194/813 lmetric 152/793 detector60 152/794 detector10 152/794 alarm60 12 filt60 6 filt10 6
chatbot 5400 16 4 0.9 load 230/946 lmetric 168/833 detector60 168/833 detector10 168/833 alarm60 21 filt60 0 filt10 0
coder 0 16 4 0.5 load 330/801 lmetric 235/782 detector60 235/782 detector10 235/782 alarm60 1 filt60 0 filt10 13
coder 0 16 4 0.7 load 353/932 lmetric 245/806 detector60 245/804 detector10 246/806 alarm60 2 filt60 1 filt10 12
coder 0 16 4 0.9 load 411/1307 lmetric 269/865 detector60 263/863 detector10 265/870 alarm60 10 filt60 3 filt10 7
coder 1800 16 4 0.5 load 334/796 lmetric 238/782 detector60 238/782 detector10 239/782 alarm60 0 filt60 0 filt10 6
coder 1800 16 4 0.7 load 357/925 lmetric 248/799 detector60 248/800 detector10 247/798 alarm60 4 filt60 1 filt10 8
coder 1800 16 4 0.9 load 397/1150 lmetric 263/840 detector60 265/840 detector10 262/838 alarm60 7 filt60 3 filt10 10
kimi 0 16 4 0.5 load 321/1379 lmetric 265/829 detector60 260/854 detector10 260/854 alarm60 34 filt60 6 filt10 9
coder 3600 16 4 0.5 load 335/799 lmetric 245/783 detector60 245/783 detector10 248/783 alarm60 3 filt60 0 filt10 9
kimi 0 16 4 0.7 load 360/1482 lmetric 279/901 detector60 272/902 detector10 272/902 alarm60 32 filt60 5 filt10 5
kimi 0 16 4 0.9 load 410/1601 lmetric 299/912 detector60 289/941 detector10 289/941 alarm60 32 filt60 5 filt10 5
coder 3600 16 4 0.7 load 358/905 lmetric 257/804 detector60 258/804 detector10 259/804 alarm60 15 filt60 5 filt10 13
coder 5400 16 4 0.5 load 325/796 lmetric 239/782 detector60 240/782 detector10 241/782 alarm60 4 filt60 1 filt10 10
coder 3600 16 4 0.9 load 415/1246 lmetric 278/858 detector60 278/858 detector10 277/858 alarm60 3 filt60 0 filt10 5
kimi 900 16 4 0.5 load 322/1257 lmetric 263/832 detector60 261/846 detector10 260/884 alarm60 19 filt60 4 filt10 9
coder 5400 16 4 0.7 load 347/924 lmetric 250/803 detector60 250/803 detector10 248/804 alarm60 0 filt60 0 filt10 8
kimi 900 16 4 0.7 load 363/1515 lmetric 279/892 detector60 274/890 detector10 275/906 alarm60 19 filt60 4 filt10 9
kimi 900 16 4 0.9 load 410/1604 lmetric 306/927 detector60 292/945 detector10 292/945 alarm60 19 filt60 4 filt10 4
thinking 0 16 4 0.5 load 324/1655 lmetric 163/831 detector60 163/831 detector10 163/831 alarm60 1 filt60 0 filt10 2
kimi 1800 16 4 0.5 load 330/1453 lmetric 271/875 detector60 262/890 detector10 262/890 alarm60 33 filt60 11 filt10 11
kimi 1800 16 4 0.7 load 374/1538 lmetric 285/922 detector60 277/956 detector10 277/956 alarm60 34 filt60 11 filt10 11
kimi 1800 16 4 0.9 load 435/1632 lmetric 313/937 detector60 292/954 detector10 292/954 alarm60 33 filt60 11 filt10 11
kimi 2700 16 4 0.5 load 336/1379 lmetric 263/894 detector60 263/894 detector10 263/894 alarm60 8 filt60 0 filt10 5
kimi 2700 16 4 0.7 load 382/1560 lmetric 281/968 detector60 281/968 detector10 281/968 alarm60 8 filt60 0 filt10 0
thinking 0 16 4 0.7 load 2107/18569 lmetric 239/1095 detector60 239/1095 detector10 239/1095 alarm60 0 filt60 0 filt10 2
coder 5400 16 4 0.9 load 395/1203 lmetric 266/856 detector60 266/856 detector10 265/853 alarm60 0 filt60 0 filt10 8
thinking 0 16 4 0.9 load 5243/26436 lmetric 1427/14846 detector60 1427/14846 detector10 1428/14846 alarm60 0 filt60 0 filt10 3
kimi 2700 16 4 0.9 load 441/1640 lmetric 300/946 detector60 300/946 detector10 300/946 alarm60 8 filt60 0 filt10 0
thinking 1800 16 4 0.5 load 167/811 lmetric 138/784 detector60 123/791 detector10 122/790 alarm60 26 filt60 9 filt10 11
thinking 1800 16 4 0.7 load 186/864 lmetric 161/809 detector60 132/820 detector10 132/820 alarm60 12 filt60 11 filt10 12
thinking 5400 16 4 0.5 load 237/830 lmetric 188/803 detector60 188/803 detector10 187/803 alarm60 6 filt60 2 filt10 8
thinking 5400 16 4 0.7 load 252/895 lmetric 200/846 detector60 197/841 detector10 197/841 alarm60 2 filt60 1 filt10 3
thinking 5400 16 4 0.9 load 277/1059 lmetric 206/880 detector60 206/880 detector10 207/879 alarm60 0 filt60 0 filt10 2
thinking 1800 16 4 0.9 load 222/1012 lmetric 200/898 detector60 151/889 detector10 153/894 alarm60 14 filt60 13 filt10 14
thinking 3600 16 4 0.7 load 304/949 lmetric 274/842 detector60 256/849 detector10 256/837 alarm60 19 filt60 7 filt10 12
thinking 3600 16 4 0.5 load 277/802 lmetric 252/797 detector60 243/797 detector10 244/797 alarm60 20 filt60 7 filt10 12
thinking 3600 16 4 0.9 load 350/1192 lmetric 335/1069 detector60 289/998 detector10 289/997 alarm60 19 filt60 7 filt10 9
chatbot 0 4 4 0.7 load 202/1083 lmetric 162/873 detector60 162/873 detector10 162/873 alarm60 2 filt60 0 filt10 0
chatbot 0 4 4 0.5 load 161/813 lmetric 141/793 detector60 141/793 detector10 141/793 alarm60 2 filt60 0 filt10 0
chatbot 0 4 4 0.9 load 7295/41647 lmetric 5897/38642 detector60 5897/38642 detector10 5897/38642 alarm60 2 filt60 0 filt10 0
trace-b 0 4 4 0.5 load 66/574 lmetric 53/389 detector60 53/389 detector10 53/389 alarm60 0 filt60 0 filt10 0
trace-b 0 4 4 0.7 load 88/696 lmetric 65/438 detector60 65/438 detector10 65/438 alarm60 0 filt60 0 filt10 0
trace-b 0 4 4 0.9 load 334/3059 lmetric 118/643 detector60 118/643 detector10 118/643 alarm60 0 filt60 0 filt10 0
chatbot 1800 4 4 0.5 load 171/815 lmetric 153/789 detector60 154/788 detector10 154/788 alarm60 2 filt60 1 filt10 1
chatbot 1800 4 4 0.7 load 202/953 lmetric 170/840 detector60 170/839 detector10 170/839 alarm60 2 filt60 1 filt10 1
chatbot 1800 4 4 0.9 load 1787/18069 lmetric 1265/14613 detector60 1260/14221 detector10 1260/14221 alarm60 2 filt60 1 filt10 1
trace-b 600 4 4 0.5 load 72/626 lmetric 57/408 detector60 57/408 detector10 57/408 alarm60 0 filt60 0 filt10 0
trace-b 600 4 4 0.7 load 96/707 lmetric 70/474 detector60 70/474 detector10 70/474 alarm60 0 filt60 0 filt10 0
chatbot 3600 4 4 0.7 load 197/890 lmetric 171/818 detector60 171/818 detector10 171/818 alarm60 0 filt60 0 filt10 0
chatbot 3600 4 4 0.9 load 368/3813 lmetric 257/1794 detector60 257/1794 detector10 257/1794 alarm60 0 filt60 0 filt10 0
trace-b 600 4 4 0.9 load 961/8331 lmetric 405/3976 detector60 405/3976 detector10 405/3976 alarm60 0 filt60 0 filt10 0
chatbot 3600 4 4 0.5 load 172/796 lmetric 159/786 detector60 159/786 detector10 159/786 alarm60 0 filt60 0 filt10 0
trace-b 1200 4 4 0.5 load 68/590 lmetric 55/351 detector60 55/351 detector10 55/351 alarm60 1 filt60 0 filt10 0
trace-b 1200 4 4 0.7 load 91/679 lmetric 68/374 detector60 68/374 detector10 68/374 alarm60 0 filt60 0 filt10 0
trace-b 1200 4 4 0.9 load 244/1610 lmetric 123/541 detector60 123/541 detector10 123/541 alarm60 1 filt60 0 filt10 0
trace-b 1800 4 4 0.5 load 72/625 lmetric 58/439 detector60 58/439 detector10 58/439 alarm60 1 filt60 0 filt10 0
trace-b 1800 4 4 0.9 load 884/5866 lmetric 190/1384 detector60 190/1384 detector10 190/1384 alarm60 0 filt60 0 filt10 0
trace-b 1800 4 4 0.7 load 98/728 lmetric 72/470 detector60 72/470 detector10 72/470 alarm60 0 filt60 0 filt10 0
chatbot 5400 4 4 0.7 load 219/950 lmetric 190/825 detector60 190/825 detector10 190/825 alarm60 0 filt60 0 filt10 0
chatbot 5400 4 4 0.5 load 191/806 lmetric 177/790 detector60 177/790 detector10 177/790 alarm60 0 filt60 0 filt10 0
chatbot 5400 4 4 0.9 load 294/1387 lmetric 231/973 detector60 231/973 detector10 231/973 alarm60 0 filt60 0 filt10 0
coder 0 4 4 0.9 load 865/9262 lmetric 391/1901 detector60 391/1901 detector10 391/1901 alarm60 0 filt60 0 filt10 0
coder 0 4 4 0.5 load 331/907 lmetric 282/808 detector60 282/808 detector10 281/809 alarm60 0 filt60 0 filt10 1
coder 0 4 4 0.7 load 371/1235 lmetric 302/878 detector60 302/878 detector10 302/878 alarm60 0 filt60 0 filt10 0
coder 1800 4 4 0.5 load 335/866 lmetric 285/804 detector60 285/804 detector10 284/806 alarm60 0 filt60 0 filt10 1
coder 1800 4 4 0.9 load 480/1753 lmetric 350/1030 detector60 350/1030 detector10 350/1030 alarm60 0 filt60 0 filt10 0
coder 1800 4 4 0.7 load 373/1191 lmetric 303/863 detector60 303/863 detector10 303/863 alarm60 0 filt60 0 filt10 0
kimi 0 4 4 0.5 load 817/2746 lmetric 698/2416 detector60 698/2416 detector10 698/2416 alarm60 0 filt60 0 filt10 0
kimi 0 4 4 0.7 load 868/2947 lmetric 720/2476 detector60 720/2476 detector10 720/2476 alarm60 0 filt60 0 filt10 0
kimi 0 4 4 0.9 load 1017/3772 lmetric 810/2725 detector60 810/2725 detector10 810/2725 alarm60 0 filt60 0 filt10 3
coder 3600 4 4 0.9 load 533/2950 lmetric 355/1037 detector60 355/1037 detector10 356/1043 alarm60 0 filt60 0 filt10 1
coder 3600 4 4 0.5 load 336/906 lmetric 290/804 detector60 290/804 detector10 290/804 alarm60 0 filt60 0 filt10 0
coder 3600 4 4 0.7 load 372/1233 lmetric 306/861 detector60 306/861 detector10 306/861 alarm60 0 filt60 0 filt10 0
coder 5400 4 4 0.7 load 366/1218 lmetric 298/863 detector60 298/863 detector10 298/863 alarm60 0 filt60 0 filt10 0
coder 5400 4 4 0.9 load 599/4979 lmetric 353/1068 detector60 353/1068 detector10 353/1068 alarm60 0 filt60 0 filt10 0
kimi 900 4 4 0.5 load 841/2666 lmetric 719/2412 detector60 719/2412 detector10 719/2412 alarm60 0 filt60 0 filt10 0
coder 5400 4 4 0.5 load 325/874 lmetric 279/804 detector60 279/804 detector10 279/804 alarm60 0 filt60 0 filt10 0
kimi 900 4 4 0.9 load 1002/3359 lmetric 801/2726 detector60 801/2726 detector10 809/2722 alarm60 0 filt60 0 filt10 7
kimi 900 4 4 0.7 load 899/3101 lmetric 738/2565 detector60 738/2565 detector10 738/2565 alarm60 0 filt60 0 filt10 0
kimi 1800 4 4 0.5 load 865/2853 lmetric 747/2527 detector60 747/2527 detector10 748/2527 alarm60 0 filt60 0 filt10 5
kimi 1800 4 4 0.7 load 922/3090 lmetric 770/2614 detector60 770/2614 detector10 771/2614 alarm60 0 filt60 0 filt10 9
kimi 1800 4 4 0.9 load 1110/4673 lmetric 888/3217 detector60 898/3663 detector10 898/3663 alarm60 17 filt60 16 filt10 16
thinking 0 4 4 0.5 load 1779/12787 lmetric 222/1073 detector60 222/1073 detector10 222/1073 alarm60 0 filt60 0 filt10 0
thinking 0 4 4 0.7 load 22880/63380 lmetric 17009/56922 detector60 17009/56922 detector10 17009/56922 alarm60 0 filt60 0 filt10 0
thinking 0 4 4 0.9 load 40827/95828 lmetric 32782/92711 detector60 32881/92711 detector10 32807/92711 alarm60 6 filt60 5 filt10 4
kimi 2700 4 4 0.7 load 955/3355 lmetric 793/2847 detector60 793/2847 detector10 793/2847 alarm60 0 filt60 0 filt10 0
kimi 2700 4 4 0.5 load 889/2983 lmetric 754/2801 detector60 754/2801 detector10 754/2801 alarm60 0 filt60 0 filt10 0
kimi 2700 4 4 0.9 load 1169/6411 lmetric 972/5636 detector60 982/6662 detector10 971/5219 alarm60 28 filt60 26 filt10 29
thinking 1800 4 4 0.5 load 170/889 lmetric 150/836 detector60 138/825 detector10 138/830 alarm60 6 filt60 2 filt10 2
thinking 1800 4 4 0.7 load 203/1180 lmetric 164/909 detector60 158/915 detector10 158/951 alarm60 3 filt60 2 filt10 3
thinking 1800 4 4 0.9 load 408/4961 lmetric 250/1542 detector60 219/1219 detector10 217/1233 alarm60 4 filt60 3 filt10 4
thinking 5400 4 4 0.5 load 255/1127 lmetric 214/933 detector60 214/933 detector10 216/933 alarm60 0 filt60 0 filt10 1
thinking 5400 4 4 0.7 load 833/10158 lmetric 532/7182 detector60 532/7182 detector10 532/7182 alarm60 0 filt60 0 filt10 0
thinking 5400 4 4 0.9 load 3131/20850 lmetric 2337/18838 detector60 2337/18838 detector10 2337/18838 alarm60 0 filt60 0 filt10 0
thinking 3600 4 4 0.7 load 340/1359 lmetric 290/1013 detector60 287/983 detector10 287/1004 alarm60 6 filt60 2 filt10 2
thinking 3600 4 4 0.5 load 291/956 lmetric 263/841 detector60 264/833 detector10 264/850 alarm60 6 filt60 2 filt10 2
thinking 3600 4 4 0.9 load 2652/21036 lmetric 2052/17514 detector60 1824/15836 detector10 1920/15389 alarm60 4 filt60 1 filt10 2
chatbot 0 16 1 0.7 load 173/1021 lmetric 148/795 detector60 148/795 detector10 148/795 alarm60 17 filt60 0 filt10 0
chatbot 0 16 1 0.5 load 148/776 lmetric 135/775 detector60 135/775 detector10 135/775 alarm60 17 filt60 0 filt10 0
chatbot 0 16 1 0.9 load 1275/10319 lmetric 607/7100 detector60 607/7100 detector10 607/7100 alarm60 17 filt60 0 filt10 0
trace-b 0 16 1 0.5 load 62/446 lmetric 50/374 detector60 49/379 detector10 49/379 alarm60 20 filt60 2 filt10 2
trace-b 0 16 1 0.7 load 70/564 lmetric 53/373 detector60 53/378 detector10 53/378 alarm60 16 filt60 5 filt10 5
chatbot 1800 16 1 0.5 load 158/778 lmetric 148/774 detector60 148/774 detector10 148/774 alarm60 8 filt60 0 filt10 0
chatbot 1800 16 1 0.7 load 183/904 lmetric 162/799 detector60 162/799 detector10 162/799 alarm60 9 filt60 0 filt10 0
trace-b 0 16 1 0.9 load 103/909 lmetric 63/432 detector60 63/432 detector10 63/432 alarm60 3 filt60 0 filt10 0
chatbot 1800 16 1 0.9 load 801/7336 lmetric 493/5963 detector60 493/5963 detector10 493/5963 alarm60 8 filt60 0 filt10 0
trace-b 600 16 1 0.5 load 65/503 lmetric 53/402 detector60 53/402 detector10 53/402 alarm60 0 filt60 0 filt10 0
trace-b 600 16 1 0.7 load 73/577 lmetric 57/419 detector60 57/419 detector10 57/419 alarm60 0 filt60 0 filt10 0
chatbot 3600 16 1 0.7 load 169/788 lmetric 159/783 detector60 159/783 detector10 159/783 alarm60 14 filt60 0 filt10 0
trace-b 600 16 1 0.9 load 140/1614 lmetric 69/585 detector60 69/585 detector10 69/585 alarm60 0 filt60 0 filt10 0
chatbot 3600 16 1 0.5 load 160/771 lmetric 153/771 detector60 153/771 detector10 153/771 alarm60 6 filt60 0 filt10 0
trace-b 1200 16 1 0.5 load 63/574 lmetric 51/340 detector60 50/337 detector10 50/337 alarm60 10 filt60 5 filt10 5
chatbot 3600 16 1 0.9 load 246/2692 lmetric 197/1826 detector60 197/1826 detector10 197/1826 alarm60 13 filt60 0 filt10 0
trace-b 1200 16 1 0.7 load 70/614 lmetric 54/350 detector60 54/350 detector10 54/350 alarm60 14 filt60 0 filt10 0
trace-b 1200 16 1 0.9 load 93/796 lmetric 61/413 detector60 61/413 detector10 61/413 alarm60 9 filt60 0 filt10 0
trace-b 1800 16 1 0.7 load 75/617 lmetric 57/435 detector60 57/435 detector10 57/435 alarm60 11 filt60 0 filt10 0
trace-b 1800 16 1 0.5 load 67/604 lmetric 54/432 detector60 54/432 detector10 54/432 alarm60 10 filt60 0 filt10 0
trace-b 1800 16 1 0.9 load 150/1655 lmetric 70/614 detector60 70/623 detector10 70/623 alarm60 11 filt60 2 filt10 2
chatbot 5400 16 1 0.7 load 191/796 lmetric 179/789 detector60 179/789 detector10 179/789 alarm60 9 filt60 0 filt10 0
chatbot 5400 16 1 0.5 load 179/777 lmetric 172/776 detector60 172/776 detector10 172/776 alarm60 14 filt60 0 filt10 0
chatbot 5400 16 1 0.9 load 292/3031 lmetric 230/2292 detector60 233/2383 detector10 233/2383 alarm60 12 filt60 6 filt10 6
coder 0 16 1 0.5 load 360/792 lmetric 276/779 detector60 276/779 detector10 277/781 alarm60 64 filt60 11 filt10 33
coder 0 16 1 0.7 load 383/896 lmetric 285/794 detector60 288/796 detector10 286/796 alarm60 79 filt60 25 filt10 38
coder 0 16 1 0.9 load 633/4441 lmetric 331/1970 detector60 338/2261 detector10 346/2268 alarm60 78 filt60 22 filt10 32
coder 1800 16 1 0.5 load 369/793 lmetric 280/778 detector60 281/778 detector10 283/779 alarm60 102 filt60 23 filt10 41
coder 1800 16 1 0.7 load 389/826 lmetric 289/792 detector60 292/792 detector10 295/793 alarm60 107 filt60 27 filt10 48
coder 1800 16 1 0.9 load 504/3185 lmetric 315/1254 detector60 322/1391 detector10 322/1388 alarm60 143 filt60 46 filt10 49
kimi 0 16 1 0.5 load 340/1128 lmetric 289/802 detector60 289/838 detector10 291/849 alarm60 159 filt60 52 filt10 74
kimi 0 16 1 0.7 load 383/1479 lmetric 307/875 detector60 309/905 detector10 309/942 alarm60 307 filt60 99 filt10 95
coder 3600 16 1 0.7 load 385/854 lmetric 296/795 detector60 295/794 detector10 297/795 alarm60 63 filt60 13 filt10 40
coder 3600 16 1 0.5 load 368/795 lmetric 286/780 detector60 286/779 detector10 288/781 alarm60 72 filt60 15 filt10 37
kimi 0 16 1 0.9 load 553/3833 lmetric 355/1619 detector60 372/2269 detector10 372/2152 alarm60 532 filt60 182 filt10 153
coder 3600 16 1 0.9 load 599/4035 lmetric 344/2141 detector60 346/2110 detector10 348/2033 alarm60 84 filt60 26 filt10 42
kimi 900 16 1 0.5 load 341/1249 lmetric 290/829 detector60 287/861 detector10 287/872 alarm60 142 filt60 47 filt10 54
coder 5400 16 1 0.5 load 354/791 lmetric 275/779 detector60 277/779 detector10 277/779 alarm60 46 filt60 13 filt10 47
coder 5400 16 1 0.7 load 372/827 lmetric 283/794 detector60 285/795 detector10 286/794 alarm60 84 filt60 28 filt10 36
kimi 900 16 1 0.7 load 383/1479 lmetric 309/912 detector60 310/1005 detector10 309/973 alarm60 327 filt60 110 filt10 110
coder 5400 16 1 0.9 load 570/4114 lmetric 321/1596 detector60 318/1448 detector10 327/1817 alarm60 62 filt60 19 filt10 46
kimi 900 16 1 0.9 load 489/2864 lmetric 351/1479 detector60 368/2199 detector10 354/1544 alarm60 473 filt60 163 filt10 159
kimi 1800 16 1 0.5 load 350/1371 lmetric 292/861 detector60 288/890 detector10 290/887 alarm60 199 filt60 63 filt10 79
kimi 1800 16 1 0.7 load 412/1530 lmetric 315/988 detector60 318/1145 detector10 318/1028 alarm60 322 filt60 109 filt10 129
thinking 0 16 1 0.5 load 756/5954 lmetric 202/2038 detector60 202/2038 detector10 204/2038 alarm60 2 filt60 1 filt10 4
kimi 2700 16 1 0.7 load 414/1538 lmetric 320/1019 detector60 328/1479 detector10 324/1477 alarm60 362 filt60 122 filt10 95
kimi 2700 16 1 0.5 load 351/1347 lmetric 291/913 detector60 292/935 detector10 293/953 alarm60 189 filt60 54 filt10 76
kimi 1800 16 1 0.9 load 619/4289 lmetric 402/2983 detector60 431/3035 detector10 424/3103 alarm60 651 filt60 233 filt10 228
thinking 0 16 1 0.7 load 6876/23973 lmetric 3567/18181 detector60 3567/18181 detector10 3566/18181 alarm60 1 filt60 0 filt10 2
thinking 1800 16 1 0.5 load 171/797 lmetric 140/776 detector60 129/790 detector10 127/785 alarm60 27 filt60 10 filt10 13
thinking 0 16 1 0.9 load 12427/34018 lmetric 8105/32295 detector60 8105/32295 detector10 8142/32295 alarm60 0 filt60 0 filt10 14
kimi 2700 16 1 0.9 load 665/4436 lmetric 423/3111 detector60 444/3393 detector10 452/3365 alarm60 640 filt60 256 filt10 265
thinking 1800 16 1 0.7 load 205/1477 lmetric 154/793 detector60 145/806 detector10 138/800 alarm60 31 filt60 7 filt10 8
thinking 1800 16 1 0.9 load 494/5628 lmetric 211/2748 detector60 199/2828 detector10 204/2833 alarm60 50 filt60 8 filt10 9
thinking 5400 16 1 0.5 load 249/801 lmetric 194/791 detector60 200/792 detector10 201/792 alarm60 22 filt60 8 filt10 17
thinking 5400 16 1 0.7 load 335/3313 lmetric 242/2040 detector60 234/1703 detector10 234/1703 alarm60 23 filt60 7 filt10 12
thinking 5400 16 1 0.9 load 699/7354 lmetric 430/5286 detector60 426/5560 detector10 431/5560 alarm60 12 filt60 5 filt10 10
thinking 3600 16 1 0.5 load 289/794 lmetric 254/784 detector60 253/789 detector10 252/786 alarm60 64 filt60 10 filt10 21
thinking 3600 16 1 0.7 load 316/1147 lmetric 281/813 detector60 270/818 detector10 268/812 alarm60 51 filt60 14 filt10 17
thinking 3600 16 1 0.9 load 804/7373 lmetric 431/4401 detector60 427/4659 detector10 441/4835 alarm60 87 filt60 20 filt10 20
