Starting burst affinity at 2026-10-03T00:22:54Z
{"requests": 2732, "span_s": 299.7815215977236, "input_tokens": 7073536, "output_tokens": 699392, "classes": 1954}
{"type": "run_summary", "policy": "affinity", "index_mode": "events", "requests": 2732, "errors": 0, "late_dispatches_50ms": 2, "per_instance": [685, 671, 682, 694], "ttft_ms": {"mean": 53927.30348235725, "p50": 54571.97193199954, "p90": 101508.60129500052, "p99": 106250.14146199918}, "engine_cached_fraction": 0.4485813036082661, "index_error_tokens_mean": 8.0, "missing_engine_cached": 0, "event_seq_gaps": [0, 0, 0, 0], "unknown_event_blocks": [10642, 10359, 10609, 10737]}
Starting burst lmetric at 2026-10-03T00:29:51Z
{"requests": 2732, "span_s": 299.7815215977236, "input_tokens": 7073536, "output_tokens": 699392, "classes": 1954}
{"type": "run_summary", "policy": "lmetric", "index_mode": "events", "requests": 2732, "errors": 0, "late_dispatches_50ms": 1, "per_instance": [750, 644, 686, 652], "ttft_ms": {"mean": 54181.79884078037, "p50": 56533.189699000104, "p90": 100771.12276800018, "p99": 105081.7044179994}, "engine_cached_fraction": 0.4481424848901596, "index_error_tokens_mean": 8.88433382137628, "missing_engine_cached": 0, "event_seq_gaps": [0, 0, 0, 0], "unknown_event_blocks": [11836, 9987, 10751, 10025]}
Starting burst load at 2026-10-03T00:36:46Z
{"requests": 2732, "span_s": 299.7815215977236, "input_tokens": 7073536, "output_tokens": 699392, "classes": 1954}
{"type": "run_summary", "policy": "load", "index_mode": "events", "requests": 2732, "errors": 0, "late_dispatches_50ms": 2, "per_instance": [678, 676, 686, 692], "ttft_ms": {"mean": 54146.98531735212, "p50": 55958.770098999594, "p90": 101069.20480200005, "p99": 106142.65588800027}, "engine_cached_fraction": 0.4487713075893019, "index_error_tokens_mean": 24.0, "missing_engine_cached": 0, "event_seq_gaps": [0, 0, 0, 0], "unknown_event_blocks": [10658, 10523, 10658, 10701]}
FAIL burst-affinity.jsonl: n=2732 per_instance=[685, 671, 682, 694] ttft_mean=53927ms p99=106250ms cached=0.45 index exact 2724/2732, under 6 (mean 3419), over 2 (mean 672) 2 dispatches >50 ms late
FAIL burst-lmetric.jsonl: n=2732 per_instance=[750, 644, 686, 652] ttft_mean=54182ms p99=105082ms cached=0.45 index exact 2722/2732, under 8 (mean 2478), over 2 (mean 2224) 1 dispatches >50 ms late
FAIL burst-load.jsonl: n=2732 per_instance=[678, 676, 686, 692] ttft_mean=54147ms p99=106143ms cached=0.45 index exact 2715/2732, under 17 (mean 3857), over 0 (mean 0) 2 dispatches >50 ms late
ok   hot-x2-affinity-events.jsonl: n=895 per_instance=[174, 404, 138, 179] ttft_mean=325ms p99=5852ms cached=0.65 index exact 827/895, under 22 (mean 1011), over 46 (mean 42) 
ok   hot-x2-lmetric-events.jsonl: n=895 per_instance=[181, 274, 161, 279] ttft_mean=160ms p99=804ms cached=0.65 index exact 833/895, under 13 (mean 91), over 49 (mean 16) 
ok   hot-x2-load-events.jsonl: n=895 per_instance=[220, 227, 226, 222] ttft_mean=202ms p99=858ms cached=0.57 index exact 852/895, under 13 (mean 313), over 30 (mean 52) 
ok   hot-x3-affinity-events.jsonl: n=895 per_instance=[173, 268, 163, 291] ttft_mean=1077ms p99=14354ms cached=0.64 index exact 793/895, under 46 (mean 2938), over 56 (mean 614) 
ok   hot-x3-lmetric-events.jsonl: n=895 per_instance=[125, 247, 178, 345] ttft_mean=310ms p99=4567ms cached=0.64 index exact 829/895, under 15 (mean 180), over 51 (mean 54) 
ok   hot-x3-load-events.jsonl: n=895 per_instance=[230, 227, 199, 239] ttft_mean=823ms p99=7632ms cached=0.55 index exact 824/895, under 30 (mean 2078), over 41 (mean 496) 
ok   smoke.jsonl: n=154 per_instance=[70, 27, 27, 30] ttft_mean=96ms p99=293ms cached=0.50 index exact 154/154, under 0 (mean 0), over 0 (mean 0) 
ok   typical-x2-affinity-events.jsonl: n=787 per_instance=[208, 194, 200, 185] ttft_mean=22473ms p99=169401ms cached=0.26 index exact 624/787, under 74 (mean 933), over 89 (mean 432) 
ok   typical-x2-lmetric-events.jsonl: n=787 per_instance=[224, 193, 181, 189] ttft_mean=1542ms p99=7157ms cached=0.14 index exact 706/787, under 16 (mean 2148), over 65 (mean 1358) 
ok   typical-x2-load-events.jsonl: n=787 per_instance=[197, 204, 208, 178] ttft_mean=2394ms p99=8977ms cached=0.07 index exact 714/787, under 20 (mean 2859), over 53 (mean 1694) 
ok   typical-x3-affinity-events.jsonl: n=787 per_instance=[195, 179, 228, 185] ttft_mean=34462ms p99=250267ms cached=0.24 index exact 530/787, under 173 (mean 1616), over 84 (mean 1706) 
ok   typical-x3-lmetric-events.jsonl: n=787 per_instance=[172, 217, 190, 208] ttft_mean=39155ms p99=75729ms cached=0.07 index exact 535/787, under 123 (mean 1184), over 129 (mean 2050) 
ok   typical-x3-load-events.jsonl: n=787 per_instance=[200, 197, 196, 194] ttft_mean=40616ms p99=79473ms cached=0.06 index exact 557/787, under 131 (mean 1316), over 99 (mean 1373) 
3 file(s) failed
