capacity ('thinking', 0, 4, 1) max 4.89 req/s, trace 1.50 req/s
capacity ('thinking', 0, 4, 4) max 6.29 req/s, trace 1.50 req/s
capacity ('thinking', 1800, 4, 1) max 4.82 req/s, trace 1.60 req/s
capacity ('thinking', 1800, 4, 4) max 5.97 req/s, trace 1.60 req/s
capacity ('thinking', 3600, 4, 1) max 3.47 req/s, trace 1.89 req/s
capacity ('thinking', 3600, 4, 4) max 4.40 req/s, trace 1.89 req/s
capacity ('thinking', 5400, 4, 1) max 4.27 req/s, trace 1.02 req/s
capacity ('thinking', 5400, 4, 4) max 5.48 req/s, trace 1.02 req/s
capacity ('coder', 0, 4, 1) max 3.64 req/s, trace 5.08 req/s
capacity ('coder', 0, 4, 4) max 4.70 req/s, trace 5.08 req/s
capacity ('coder', 1800, 4, 1) max 3.59 req/s, trace 6.07 req/s
capacity ('coder', 1800, 4, 4) max 4.70 req/s, trace 6.07 req/s
capacity ('coder', 3600, 4, 1) max 3.60 req/s, trace 6.28 req/s
capacity ('coder', 3600, 4, 4) max 4.67 req/s, trace 6.28 req/s
capacity ('coder', 5400, 4, 1) max 3.71 req/s, trace 6.47 req/s
capacity ('coder', 5400, 4, 4) max 4.83 req/s, trace 6.47 req/s
capacity ('chatbot', 0, 4, 1) max 7.62 req/s, trace 4.59 req/s
capacity ('chatbot', 0, 4, 4) max 9.59 req/s, trace 4.59 req/s
capacity ('chatbot', 1800, 4, 1) max 7.03 req/s, trace 5.57 req/s
capacity ('chatbot', 1800, 4, 4) max 8.82 req/s, trace 5.57 req/s
capacity ('chatbot', 3600, 4, 1) max 6.76 req/s, trace 6.27 req/s
capacity ('chatbot', 3600, 4, 4) max 8.45 req/s, trace 6.27 req/s
capacity ('chatbot', 5400, 4, 1) max 6.20 req/s, trace 7.49 req/s
capacity ('chatbot', 5400, 4, 4) max 7.79 req/s, trace 7.49 req/s
thinking 0 1 0.5 sglang_ca dispatch ttft 5002 p99 33328 hit 0.26
thinking 0 1 0.5 lmetric inflight ttft 5637 p99 20649 hit 0.23
thinking 0 1 0.5 lmetric dispatch ttft 5206 p99 18776 hit 0.22
thinking 0 1 0.5 lmetric exact ttft 7434 p99 24374 hit 0.20
thinking 0 1 0.5 load exact ttft 8780 p99 25755 hit 0.13
thinking 0 1 0.5 lmetric lru ttft 5621 p99 19795 hit 0.23
thinking 0 1 0.7 sglang_ca dispatch ttft 29512 p99 93138 hit 0.27
thinking 0 1 0.7 lmetric exact ttft 34450 p99 100778 hit 0.17
thinking 0 1 0.7 lmetric lru ttft 32205 p99 91762 hit 0.21
thinking 0 1 0.7 lmetric dispatch ttft 31992 p99 92908 hit 0.21
thinking 0 1 0.7 load exact ttft 35530 p99 89795 hit 0.14
thinking 0 1 0.7 lmetric inflight ttft 31915 p99 88038 hit 0.23
thinking 0 4 0.5 lmetric exact ttft 222 p99 1073 hit 0.43
thinking 0 4 0.5 lmetric dispatch ttft 217 p99 1051 hit 0.43
thinking 0 4 0.5 sglang_ca dispatch ttft 241 p99 1080 hit 0.46
thinking 0 4 0.5 load exact ttft 1779 p99 12787 hit 0.25
thinking 0 4 0.5 lmetric inflight ttft 221 p99 1040 hit 0.42
thinking 0 4 0.5 lmetric lru ttft 220 p99 1075 hit 0.43
thinking 0 1 0.9 load exact ttft 62488 p99 140596 hit 0.12
thinking 0 1 0.9 sglang_ca dispatch ttft 52179 p99 151372 hit 0.26
thinking 0 1 0.9 lmetric dispatch ttft 54243 p99 133110 hit 0.21
thinking 0 1 0.9 lmetric lru ttft 53476 p99 133691 hit 0.22
thinking 0 1 0.9 lmetric inflight ttft 56219 p99 149314 hit 0.21
thinking 0 1 0.9 lmetric exact ttft 59440 p99 144641 hit 0.16
thinking 0 4 0.7 lmetric exact ttft 17009 p99 56922 hit 0.33
thinking 0 4 0.7 lmetric dispatch ttft 13338 p99 52452 hit 0.39
thinking 0 4 0.7 sglang_ca dispatch ttft 10033 p99 35279 hit 0.46
thinking 0 4 0.7 load exact ttft 22880 p99 63380 hit 0.24
thinking 0 4 0.7 lmetric lru ttft 12038 p99 45333 hit 0.40
thinking 0 4 0.7 lmetric inflight ttft 11671 p99 47739 hit 0.41
thinking 0 4 0.9 load exact ttft 40827 p99 95828 hit 0.24
thinking 0 4 0.9 lmetric exact ttft 32782 p99 92711 hit 0.31
thinking 0 4 0.9 lmetric lru ttft 27301 p99 92051 hit 0.39
thinking 0 4 0.9 sglang_ca dispatch ttft 23916 p99 87413 hit 0.46
thinking 0 4 0.9 lmetric dispatch ttft 26184 p99 83439 hit 0.40
thinking 0 4 0.9 lmetric inflight ttft 26446 p99 83324 hit 0.40
thinking 1800 1 0.5 lmetric exact ttft 173 p99 1204 hit 0.57
thinking 1800 1 0.5 lmetric lru ttft 171 p99 1028 hit 0.57
thinking 1800 1 0.5 load exact ttft 207 p99 1479 hit 0.51
thinking 1800 1 0.5 lmetric inflight ttft 174 p99 1276 hit 0.57
thinking 1800 1 0.5 lmetric dispatch ttft 184 p99 1359 hit 0.55
thinking 1800 1 0.5 sglang_ca dispatch ttft 2248 p99 15200 hit 0.57
thinking 1800 1 0.7 lmetric exact ttft 288 p99 4218 hit 0.57
thinking 1800 1 0.7 lmetric lru ttft 255 p99 3412 hit 0.57
thinking 1800 1 0.7 lmetric dispatch ttft 302 p99 4094 hit 0.55
thinking 1800 1 0.7 load exact ttft 429 p99 6144 hit 0.51
thinking 1800 1 0.7 lmetric inflight ttft 255 p99 3926 hit 0.57
thinking 1800 1 0.7 sglang_ca dispatch ttft 1570 p99 23191 hit 0.56
thinking 1800 1 0.9 lmetric exact ttft 2050 p99 13720 hit 0.55
thinking 1800 1 0.9 lmetric lru ttft 1289 p99 10568 hit 0.56
thinking 1800 1 0.9 lmetric dispatch ttft 1802 p99 13310 hit 0.55
thinking 1800 1 0.9 load exact ttft 3107 p99 18911 hit 0.51
thinking 1800 1 0.9 sglang_ca dispatch ttft 6469 p99 36779 hit 0.56
thinking 1800 1 0.9 lmetric inflight ttft 1954 p99 14865 hit 0.55
thinking 1800 4 0.5 load exact ttft 170 p99 889 hit 0.57
thinking 1800 4 0.5 lmetric exact ttft 150 p99 836 hit 0.64
thinking 1800 4 0.5 lmetric dispatch ttft 152 p99 846 hit 0.64
thinking 1800 4 0.5 lmetric lru ttft 150 p99 840 hit 0.64
thinking 1800 4 0.5 sglang_ca dispatch ttft 202 p99 1212 hit 0.64
thinking 1800 4 0.5 lmetric inflight ttft 150 p99 833 hit 0.64
thinking 1800 4 0.7 lmetric exact ttft 164 p99 909 hit 0.63
thinking 1800 4 0.7 load exact ttft 203 p99 1180 hit 0.57
thinking 1800 4 0.7 lmetric dispatch ttft 171 p99 948 hit 0.63
thinking 1800 4 0.7 lmetric lru ttft 166 p99 923 hit 0.63
thinking 1800 4 0.7 sglang_ca dispatch ttft 194 p99 1095 hit 0.64
thinking 1800 4 0.7 lmetric inflight ttft 164 p99 910 hit 0.63
thinking 1800 4 0.9 load exact ttft 408 p99 4961 hit 0.57
thinking 1800 4 0.9 lmetric exact ttft 250 p99 1542 hit 0.63
thinking 1800 4 0.9 lmetric dispatch ttft 247 p99 1400 hit 0.63
thinking 1800 4 0.9 lmetric lru ttft 252 p99 1553 hit 0.63
thinking 1800 4 0.9 sglang_ca dispatch ttft 268 p99 1436 hit 0.64
thinking 1800 4 0.9 lmetric inflight ttft 248 p99 1542 hit 0.63
thinking 3600 1 0.5 lmetric exact ttft 295 p99 1046 hit 0.31
thinking 3600 1 0.5 load exact ttft 331 p99 1902 hit 0.26
thinking 3600 1 0.5 lmetric dispatch ttft 309 p99 1399 hit 0.29
thinking 3600 1 0.5 sglang_ca dispatch ttft 482 p99 6596 hit 0.32
thinking 3600 1 0.5 lmetric lru ttft 296 p99 1222 hit 0.32
thinking 3600 1 0.5 lmetric inflight ttft 296 p99 1097 hit 0.31
thinking 3600 1 0.7 lmetric exact ttft 428 p99 4985 hit 0.31
thinking 3600 1 0.7 load exact ttft 583 p99 5723 hit 0.25
thinking 3600 1 0.7 lmetric lru ttft 406 p99 4209 hit 0.31
thinking 3600 1 0.7 lmetric dispatch ttft 478 p99 4716 hit 0.28
thinking 3600 1 0.7 lmetric inflight ttft 412 p99 4301 hit 0.31
thinking 3600 1 0.7 sglang_ca dispatch ttft 7162 p99 56959 hit 0.31
thinking 3600 4 0.5 load exact ttft 291 p99 956 hit 0.33
thinking 3600 4 0.5 lmetric exact ttft 263 p99 841 hit 0.37
thinking 3600 4 0.5 lmetric dispatch ttft 268 p99 873 hit 0.36
thinking 3600 4 0.5 lmetric lru ttft 263 p99 836 hit 0.37
thinking 3600 4 0.5 sglang_ca dispatch ttft 315 p99 1140 hit 0.38
thinking 3600 4 0.5 lmetric inflight ttft 263 p99 842 hit 0.37
thinking 3600 1 0.9 lmetric exact ttft 5621 p99 26444 hit 0.28
thinking 3600 1 0.9 load exact ttft 6506 p99 32532 hit 0.25
thinking 3600 1 0.9 lmetric lru ttft 4494 p99 22997 hit 0.29
thinking 3600 1 0.9 lmetric inflight ttft 5115 p99 24803 hit 0.29
thinking 3600 1 0.9 lmetric dispatch ttft 5561 p99 26651 hit 0.27
thinking 3600 1 0.9 sglang_ca dispatch ttft 12557 p99 57843 hit 0.29
thinking 3600 4 0.7 load exact ttft 340 p99 1359 hit 0.33
thinking 3600 4 0.7 lmetric exact ttft 290 p99 1013 hit 0.37
thinking 3600 4 0.7 lmetric dispatch ttft 295 p99 1059 hit 0.36
thinking 3600 4 0.7 lmetric lru ttft 287 p99 999 hit 0.37
thinking 3600 4 0.7 sglang_ca dispatch ttft 451 p99 4202 hit 0.37
thinking 3600 4 0.7 lmetric inflight ttft 293 p99 1011 hit 0.37
thinking 3600 4 0.9 load exact ttft 2652 p99 21036 hit 0.32
thinking 3600 4 0.9 lmetric dispatch ttft 1944 p99 14325 hit 0.35
thinking 3600 4 0.9 lmetric exact ttft 2052 p99 17514 hit 0.35
thinking 3600 4 0.9 sglang_ca dispatch ttft 2368 p99 20770 hit 0.36
thinking 3600 4 0.9 lmetric lru ttft 1874 p99 14813 hit 0.35
thinking 3600 4 0.9 lmetric inflight ttft 1895 p99 16158 hit 0.35
thinking 5400 1 0.5 load exact ttft 450 p99 5532 hit 0.14
thinking 5400 1 0.5 lmetric exact ttft 357 p99 4033 hit 0.22
thinking 5400 1 0.5 lmetric dispatch ttft 424 p99 5069 hit 0.21
thinking 5400 1 0.5 lmetric lru ttft 364 p99 3957 hit 0.22
thinking 5400 1 0.5 sglang_ca dispatch ttft 441 p99 5008 hit 0.24
thinking 5400 1 0.5 lmetric inflight ttft 357 p99 4402 hit 0.24
thinking 5400 1 0.7 load exact ttft 2312 p99 22606 hit 0.13
thinking 5400 1 0.7 lmetric dispatch ttft 2159 p99 18519 hit 0.19
thinking 5400 1 0.7 lmetric exact ttft 2262 p99 20087 hit 0.20
thinking 5400 1 0.7 lmetric lru ttft 1981 p99 17323 hit 0.21
thinking 5400 1 0.7 sglang_ca dispatch ttft 2416 p99 20766 hit 0.24
thinking 5400 1 0.7 lmetric inflight ttft 2076 p99 17756 hit 0.20
thinking 5400 1 0.9 load exact ttft 7987 p99 36667 hit 0.13
thinking 5400 1 0.9 lmetric exact ttft 8187 p99 31786 hit 0.17
thinking 5400 1 0.9 lmetric dispatch ttft 7240 p99 35308 hit 0.17
thinking 5400 4 0.5 load exact ttft 255 p99 1127 hit 0.25
thinking 5400 1 0.9 lmetric lru ttft 7372 p99 31472 hit 0.19
thinking 5400 1 0.9 sglang_ca dispatch ttft 7322 p99 34454 hit 0.24
thinking 5400 4 0.5 lmetric exact ttft 214 p99 933 hit 0.34
thinking 5400 4 0.5 lmetric dispatch ttft 220 p99 942 hit 0.33
thinking 5400 1 0.9 lmetric inflight ttft 7027 p99 30388 hit 0.20
thinking 5400 4 0.5 lmetric lru ttft 215 p99 938 hit 0.33
thinking 5400 4 0.5 sglang_ca dispatch ttft 232 p99 987 hit 0.36
thinking 5400 4 0.5 lmetric inflight ttft 215 p99 937 hit 0.33
thinking 5400 4 0.7 lmetric exact ttft 532 p99 7182 hit 0.31
thinking 5400 4 0.7 load exact ttft 833 p99 10158 hit 0.22
thinking 5400 4 0.7 lmetric dispatch ttft 559 p99 7751 hit 0.30
thinking 5400 4 0.7 lmetric lru ttft 549 p99 7751 hit 0.31
thinking 5400 4 0.7 sglang_ca dispatch ttft 492 p99 6752 hit 0.35
thinking 5400 4 0.7 lmetric inflight ttft 512 p99 7616 hit 0.33
thinking 5400 4 0.9 lmetric exact ttft 2337 p99 18838 hit 0.30
thinking 5400 4 0.9 load exact ttft 3131 p99 20850 hit 0.23
thinking 5400 4 0.9 lmetric dispatch ttft 2362 p99 18046 hit 0.29
thinking 5400 4 0.9 lmetric lru ttft 2392 p99 18648 hit 0.30
thinking 5400 4 0.9 sglang_ca dispatch ttft 1926 p99 14629 hit 0.35
thinking 5400 4 0.9 lmetric inflight ttft 2348 p99 20626 hit 0.30
coder 0 1 0.5 load exact ttft 379 p99 975 hit 0.12
coder 0 1 0.5 lmetric exact ttft 331 p99 805 hit 0.21
coder 0 1 0.5 lmetric dispatch ttft 387 p99 1922 hit 0.17
coder 0 1 0.5 lmetric lru ttft 333 p99 807 hit 0.21
coder 0 1 0.5 lmetric inflight ttft 331 p99 805 hit 0.21
coder 0 1 0.5 sglang_ca dispatch ttft 458 p99 3474 hit 0.22
coder 0 1 0.7 load exact ttft 500 p99 3471 hit 0.11
coder 0 1 0.7 lmetric exact ttft 419 p99 2978 hit 0.20
coder 0 1 0.7 lmetric lru ttft 421 p99 2866 hit 0.20
coder 0 1 0.7 lmetric inflight ttft 420 p99 3072 hit 0.20
coder 0 1 0.7 lmetric dispatch ttft 555 p99 4265 hit 0.15
coder 0 1 0.7 sglang_ca dispatch ttft 2084 p99 29473 hit 0.21
coder 0 4 0.5 load exact ttft 331 p99 907 hit 0.24
coder 0 4 0.5 lmetric exact ttft 282 p99 808 hit 0.33
coder 0 4 0.5 lmetric dispatch ttft 300 p99 972 hit 0.32
coder 0 4 0.5 lmetric lru ttft 281 p99 809 hit 0.33
coder 0 4 0.5 sglang_ca dispatch ttft 310 p99 1158 hit 0.35
coder 0 4 0.5 lmetric inflight ttft 281 p99 809 hit 0.33
coder 0 1 0.9 lmetric exact ttft 2209 p99 14377 hit 0.16
coder 0 1 0.9 load exact ttft 2908 p99 16354 hit 0.10
coder 0 1 0.9 lmetric inflight ttft 1819 p99 12947 hit 0.17
coder 0 1 0.9 lmetric lru ttft 1844 p99 12225 hit 0.17
coder 0 1 0.9 lmetric dispatch ttft 2558 p99 14865 hit 0.14
coder 0 1 0.9 sglang_ca dispatch ttft 9830 p99 50372 hit 0.18
coder 0 4 0.7 load exact ttft 371 p99 1235 hit 0.24
coder 0 4 0.7 lmetric exact ttft 302 p99 878 hit 0.33
coder 0 4 0.7 lmetric dispatch ttft 329 p99 1145 hit 0.31
coder 0 4 0.7 sglang_ca dispatch ttft 354 p99 1415 hit 0.35
coder 0 4 0.7 lmetric lru ttft 303 p99 876 hit 0.33
coder 0 4 0.7 lmetric inflight ttft 303 p99 878 hit 0.33
coder 0 4 0.9 load exact ttft 865 p99 9262 hit 0.22
coder 0 4 0.9 lmetric exact ttft 391 p99 1901 hit 0.32
coder 0 4 0.9 lmetric lru ttft 419 p99 2845 hit 0.32
coder 0 4 0.9 lmetric dispatch ttft 491 p99 4103 hit 0.30
coder 0 4 0.9 sglang_ca dispatch ttft 2425 p99 31169 hit 0.34
coder 0 4 0.9 lmetric inflight ttft 420 p99 3067 hit 0.32
coder 1800 1 0.5 load exact ttft 384 p99 906 hit 0.12
coder 1800 1 0.5 lmetric exact ttft 339 p99 806 hit 0.22
coder 1800 1 0.5 lmetric dispatch ttft 393 p99 1904 hit 0.18
coder 1800 1 0.5 lmetric lru ttft 342 p99 804 hit 0.21
coder 1800 1 0.5 lmetric inflight ttft 339 p99 806 hit 0.22
coder 1800 1 0.5 sglang_ca dispatch ttft 491 p99 3957 hit 0.22
coder 1800 1 0.7 load exact ttft 499 p99 3549 hit 0.11
coder 1800 1 0.7 lmetric exact ttft 428 p99 2949 hit 0.20
coder 1800 1 0.7 lmetric dispatch ttft 553 p99 4281 hit 0.15
coder 1800 1 0.7 lmetric lru ttft 426 p99 2972 hit 0.20
coder 1800 1 0.7 lmetric inflight ttft 424 p99 2897 hit 0.20
coder 1800 1 0.7 sglang_ca dispatch ttft 1802 p99 21908 hit 0.20
coder 1800 4 0.5 lmetric exact ttft 285 p99 804 hit 0.34
coder 1800 4 0.5 load exact ttft 335 p99 866 hit 0.25
coder 1800 1 0.9 load exact ttft 1391 p99 9160 hit 0.10
coder 1800 1 0.9 lmetric exact ttft 1055 p99 7655 hit 0.17
coder 1800 4 0.5 lmetric lru ttft 286 p99 804 hit 0.34
coder 1800 4 0.5 lmetric dispatch ttft 306 p99 972 hit 0.32
coder 1800 1 0.9 lmetric lru ttft 1009 p99 7563 hit 0.17
coder 1800 4 0.5 sglang_ca dispatch ttft 315 p99 1163 hit 0.36
coder 1800 1 0.9 lmetric dispatch ttft 1354 p99 8239 hit 0.13
coder 1800 1 0.9 lmetric inflight ttft 985 p99 6887 hit 0.18
coder 1800 1 0.9 sglang_ca dispatch ttft 5209 p99 59491 hit 0.16
coder 1800 4 0.5 lmetric inflight ttft 285 p99 804 hit 0.34
coder 1800 4 0.7 lmetric exact ttft 303 p99 863 hit 0.34
coder 1800 4 0.7 load exact ttft 373 p99 1191 hit 0.25
coder 1800 4 0.7 lmetric dispatch ttft 331 p99 1138 hit 0.32
coder 1800 4 0.7 lmetric lru ttft 304 p99 863 hit 0.34
coder 1800 4 0.7 sglang_ca dispatch ttft 371 p99 1466 hit 0.36
coder 1800 4 0.7 lmetric inflight ttft 304 p99 867 hit 0.34
coder 1800 4 0.9 lmetric exact ttft 350 p99 1030 hit 0.33
coder 1800 4 0.9 load exact ttft 480 p99 1753 hit 0.24
coder 1800 4 0.9 lmetric dispatch ttft 403 p99 1503 hit 0.31
coder 1800 4 0.9 lmetric lru ttft 348 p99 1002 hit 0.33
coder 1800 4 0.9 sglang_ca dispatch ttft 2148 p99 27845 hit 0.34
coder 1800 4 0.9 lmetric inflight ttft 349 p99 1029 hit 0.33
coder 3600 1 0.5 load exact ttft 380 p99 834 hit 0.11
coder 3600 1 0.5 lmetric exact ttft 336 p99 800 hit 0.20
coder 3600 1 0.5 lmetric dispatch ttft 386 p99 1447 hit 0.16
coder 3600 1 0.5 lmetric lru ttft 338 p99 800 hit 0.20
coder 3600 1 0.5 lmetric inflight ttft 335 p99 799 hit 0.20
coder 3600 1 0.5 sglang_ca dispatch ttft 456 p99 3458 hit 0.21
coder 3600 1 0.7 lmetric exact ttft 399 p99 2204 hit 0.19
coder 3600 1 0.7 load exact ttft 472 p99 2844 hit 0.10
coder 3600 1 0.7 lmetric lru ttft 400 p99 2244 hit 0.18
coder 3600 1 0.7 lmetric dispatch ttft 520 p99 3807 hit 0.14
coder 3600 1 0.7 lmetric inflight ttft 400 p99 2372 hit 0.19
coder 3600 1 0.7 sglang_ca dispatch ttft 1045 p99 10829 hit 0.20
coder 3600 4 0.5 load exact ttft 336 p99 906 hit 0.24
coder 3600 4 0.5 lmetric exact ttft 290 p99 804 hit 0.32
coder 3600 4 0.5 lmetric dispatch ttft 308 p99 982 hit 0.30
coder 3600 1 0.9 lmetric exact ttft 1254 p99 8331 hit 0.16
coder 3600 1 0.9 load exact ttft 1735 p99 10032 hit 0.09
coder 3600 4 0.5 lmetric lru ttft 289 p99 802 hit 0.32
coder 3600 4 0.5 sglang_ca dispatch ttft 319 p99 1200 hit 0.34
coder 3600 1 0.9 lmetric lru ttft 1136 p99 7379 hit 0.16
coder 3600 1 0.9 lmetric dispatch ttft 1637 p99 9119 hit 0.12
coder 3600 1 0.9 lmetric inflight ttft 1186 p99 8146 hit 0.16
coder 3600 4 0.5 lmetric inflight ttft 290 p99 804 hit 0.32
coder 3600 1 0.9 sglang_ca dispatch ttft 7868 p99 60657 hit 0.17
coder 3600 4 0.7 lmetric exact ttft 306 p99 861 hit 0.32
coder 3600 4 0.7 load exact ttft 372 p99 1233 hit 0.23
coder 3600 4 0.7 sglang_ca dispatch ttft 370 p99 1442 hit 0.34
coder 3600 4 0.7 lmetric dispatch ttft 336 p99 1156 hit 0.29
coder 3600 4 0.7 lmetric lru ttft 307 p99 860 hit 0.32
coder 3600 4 0.7 lmetric inflight ttft 307 p99 860 hit 0.32
coder 3600 4 0.9 load exact ttft 533 p99 2950 hit 0.22
coder 3600 4 0.9 lmetric exact ttft 355 p99 1037 hit 0.31
coder 3600 4 0.9 lmetric dispatch ttft 415 p99 1517 hit 0.28
coder 3600 4 0.9 lmetric lru ttft 359 p99 1051 hit 0.31
coder 3600 4 0.9 sglang_ca dispatch ttft 3364 p99 26083 hit 0.32
coder 3600 4 0.9 lmetric inflight ttft 355 p99 1036 hit 0.31
coder 5400 1 0.5 load exact ttft 369 p99 878 hit 0.10
coder 5400 1 0.5 lmetric exact ttft 323 p99 800 hit 0.20
coder 5400 1 0.5 lmetric lru ttft 325 p99 802 hit 0.20
coder 5400 1 0.5 lmetric dispatch ttft 377 p99 1640 hit 0.15
coder 5400 1 0.5 sglang_ca dispatch ttft 472 p99 4256 hit 0.21
coder 5400 1 0.5 lmetric inflight ttft 323 p99 800 hit 0.20
coder 5400 1 0.7 load exact ttft 466 p99 3032 hit 0.10
coder 5400 1 0.7 lmetric exact ttft 391 p99 2545 hit 0.18
coder 5400 1 0.7 lmetric lru ttft 390 p99 2436 hit 0.18
coder 5400 1 0.7 lmetric dispatch ttft 498 p99 3912 hit 0.15
coder 5400 1 0.7 lmetric inflight ttft 390 p99 2548 hit 0.19
coder 5400 1 0.7 sglang_ca dispatch ttft 1601 p99 19329 hit 0.19
coder 5400 4 0.5 load exact ttft 325 p99 874 hit 0.23
coder 5400 4 0.5 lmetric exact ttft 279 p99 804 hit 0.31
coder 5400 4 0.5 lmetric dispatch ttft 298 p99 965 hit 0.30
coder 5400 1 0.9 lmetric exact ttft 1460 p99 10621 hit 0.15
coder 5400 4 0.5 lmetric lru ttft 281 p99 805 hit 0.31
coder 5400 1 0.9 load exact ttft 1935 p99 13578 hit 0.09
coder 5400 1 0.9 lmetric lru ttft 1299 p99 9449 hit 0.15
coder 5400 4 0.5 sglang_ca dispatch ttft 308 p99 1135 hit 0.33
coder 5400 1 0.9 lmetric inflight ttft 1324 p99 9705 hit 0.16
coder 5400 1 0.9 lmetric dispatch ttft 1787 p99 11408 hit 0.12
coder 5400 4 0.5 lmetric inflight ttft 279 p99 804 hit 0.31
coder 5400 1 0.9 sglang_ca dispatch ttft 6860 p99 58398 hit 0.16
coder 5400 4 0.7 load exact ttft 366 p99 1218 hit 0.22
coder 5400 4 0.7 lmetric exact ttft 298 p99 863 hit 0.31
coder 5400 4 0.7 lmetric dispatch ttft 327 p99 1135 hit 0.29
coder 5400 4 0.7 lmetric lru ttft 299 p99 863 hit 0.31
coder 5400 4 0.7 sglang_ca dispatch ttft 351 p99 1378 hit 0.33
coder 5400 4 0.7 lmetric inflight ttft 298 p99 861 hit 0.31
coder 5400 4 0.9 load exact ttft 599 p99 4979 hit 0.21
coder 5400 4 0.9 lmetric exact ttft 353 p99 1068 hit 0.30
coder 5400 4 0.9 lmetric dispatch ttft 437 p99 2315 hit 0.28
coder 5400 4 0.9 lmetric lru ttft 357 p99 1120 hit 0.30
coder 5400 4 0.9 sglang_ca dispatch ttft 1749 p99 24492 hit 0.31
coder 5400 4 0.9 lmetric inflight ttft 352 p99 1070 hit 0.30
chatbot 0 1 0.5 load exact ttft 167 p99 813 hit 0.15
chatbot 0 1 0.5 lmetric exact ttft 151 p99 786 hit 0.16
chatbot 0 1 0.5 lmetric dispatch ttft 173 p99 1084 hit 0.15
chatbot 0 1 0.5 lmetric lru ttft 152 p99 789 hit 0.16
chatbot 0 1 0.5 sglang_ca dispatch ttft 218 p99 2202 hit 0.16
chatbot 0 1 0.5 lmetric inflight ttft 151 p99 787 hit 0.16
chatbot 0 1 0.7 load exact ttft 365 p99 4838 hit 0.15
chatbot 0 1 0.7 lmetric exact ttft 272 p99 3626 hit 0.16
chatbot 0 1 0.7 lmetric dispatch ttft 319 p99 4133 hit 0.15
chatbot 0 1 0.7 lmetric lru ttft 256 p99 3384 hit 0.16
chatbot 0 1 0.7 sglang_ca dispatch ttft 592 p99 6441 hit 0.16
chatbot 0 1 0.7 lmetric inflight ttft 272 p99 3599 hit 0.16
chatbot 0 1 0.9 load exact ttft 10658 p99 54153 hit 0.14
chatbot 0 1 0.9 lmetric exact ttft 9724 p99 53351 hit 0.15
chatbot 0 4 0.5 load exact ttft 161 p99 813 hit 0.18
chatbot 0 1 0.9 lmetric dispatch ttft 10153 p99 56442 hit 0.15
chatbot 0 4 0.5 lmetric exact ttft 141 p99 793 hit 0.24
chatbot 0 1 0.9 lmetric lru ttft 9694 p99 52656 hit 0.15
chatbot 0 1 0.9 sglang_ca dispatch ttft 11017 p99 71946 hit 0.16
chatbot 0 4 0.5 lmetric dispatch ttft 150 p99 817 hit 0.23
chatbot 0 1 0.9 lmetric inflight ttft 9489 p99 54181 hit 0.16
chatbot 0 4 0.5 lmetric lru ttft 141 p99 793 hit 0.23
chatbot 0 4 0.5 sglang_ca dispatch ttft 174 p99 892 hit 0.24
chatbot 0 4 0.5 lmetric inflight ttft 141 p99 794 hit 0.23
chatbot 0 4 0.7 load exact ttft 202 p99 1083 hit 0.18
chatbot 0 4 0.7 lmetric exact ttft 162 p99 873 hit 0.23
chatbot 0 4 0.7 lmetric dispatch ttft 176 p99 986 hit 0.23
chatbot 0 4 0.7 sglang_ca dispatch ttft 215 p99 1156 hit 0.24
chatbot 0 4 0.7 lmetric lru ttft 163 p99 879 hit 0.23
chatbot 0 4 0.7 lmetric inflight ttft 163 p99 868 hit 0.23
chatbot 0 4 0.9 load exact ttft 7295 p99 41647 hit 0.18
chatbot 0 4 0.9 lmetric exact ttft 5897 p99 38642 hit 0.22
chatbot 0 4 0.9 lmetric dispatch ttft 5540 p99 37935 hit 0.22
chatbot 0 4 0.9 lmetric lru ttft 5482 p99 42012 hit 0.22
chatbot 0 4 0.9 sglang_ca dispatch ttft 5629 p99 52048 hit 0.24
chatbot 0 4 0.9 lmetric inflight ttft 5678 p99 39647 hit 0.22
chatbot 1800 1 0.5 load exact ttft 168 p99 794 hit 0.14
chatbot 1800 1 0.5 lmetric exact ttft 161 p99 785 hit 0.15
chatbot 1800 1 0.5 lmetric dispatch ttft 172 p99 831 hit 0.15
chatbot 1800 1 0.5 lmetric lru ttft 160 p99 786 hit 0.15
chatbot 1800 1 0.5 sglang_ca dispatch ttft 208 p99 1480 hit 0.15
chatbot 1800 1 0.5 lmetric inflight ttft 161 p99 786 hit 0.15
chatbot 1800 1 0.7 load exact ttft 294 p99 3905 hit 0.14
chatbot 1800 1 0.7 lmetric exact ttft 241 p99 3122 hit 0.15
chatbot 1800 1 0.7 lmetric dispatch ttft 271 p99 3361 hit 0.15
chatbot 1800 1 0.7 lmetric lru ttft 238 p99 2889 hit 0.15
chatbot 1800 1 0.7 sglang_ca dispatch ttft 459 p99 5306 hit 0.15
chatbot 1800 1 0.7 lmetric inflight ttft 239 p99 3043 hit 0.15
chatbot 1800 1 0.9 load exact ttft 4066 p99 25582 hit 0.14
chatbot 1800 1 0.9 lmetric exact ttft 3587 p99 25087 hit 0.15
chatbot 1800 4 0.5 load exact ttft 171 p99 815 hit 0.17
chatbot 1800 4 0.5 lmetric exact ttft 153 p99 789 hit 0.20
chatbot 1800 4 0.5 lmetric dispatch ttft 161 p99 814 hit 0.19
chatbot 1800 1 0.9 lmetric dispatch ttft 3742 p99 26299 hit 0.14
chatbot 1800 4 0.5 lmetric lru ttft 153 p99 788 hit 0.20
chatbot 1800 4 0.5 sglang_ca dispatch ttft 181 p99 875 hit 0.20
chatbot 1800 1 0.9 lmetric lru ttft 3612 p99 23943 hit 0.15
chatbot 1800 1 0.9 sglang_ca dispatch ttft 4821 p99 43335 hit 0.15
chatbot 1800 1 0.9 lmetric inflight ttft 3476 p99 24848 hit 0.15
chatbot 1800 4 0.5 lmetric inflight ttft 154 p99 788 hit 0.20
chatbot 1800 4 0.7 load exact ttft 202 p99 953 hit 0.16
chatbot 1800 4 0.7 lmetric exact ttft 170 p99 840 hit 0.20
chatbot 1800 4 0.7 lmetric dispatch ttft 182 p99 907 hit 0.19
chatbot 1800 4 0.7 lmetric lru ttft 171 p99 843 hit 0.20
chatbot 1800 4 0.7 sglang_ca dispatch ttft 232 p99 1235 hit 0.20
chatbot 1800 4 0.7 lmetric inflight ttft 171 p99 839 hit 0.19
chatbot 1800 4 0.9 load exact ttft 1787 p99 18069 hit 0.16
chatbot 1800 4 0.9 lmetric exact ttft 1265 p99 14613 hit 0.19
chatbot 1800 4 0.9 lmetric dispatch ttft 1369 p99 14215 hit 0.19
chatbot 1800 4 0.9 lmetric lru ttft 1270 p99 14692 hit 0.19
chatbot 1800 4 0.9 sglang_ca dispatch ttft 1970 p99 22056 hit 0.20
chatbot 1800 4 0.9 lmetric inflight ttft 1300 p99 15558 hit 0.19
chatbot 3600 1 0.5 load exact ttft 170 p99 784 hit 0.14
chatbot 3600 1 0.5 lmetric exact ttft 162 p99 779 hit 0.15
chatbot 3600 1 0.5 lmetric dispatch ttft 171 p99 803 hit 0.14
chatbot 3600 1 0.5 lmetric lru ttft 162 p99 777 hit 0.15
chatbot 3600 1 0.5 sglang_ca dispatch ttft 204 p99 1224 hit 0.15
chatbot 3600 1 0.5 lmetric inflight ttft 162 p99 779 hit 0.15
chatbot 3600 1 0.7 load exact ttft 224 p99 2166 hit 0.14
chatbot 3600 1 0.7 lmetric exact ttft 194 p99 1606 hit 0.15
chatbot 3600 1 0.7 lmetric dispatch ttft 225 p99 2380 hit 0.14
chatbot 3600 1 0.7 lmetric lru ttft 194 p99 1563 hit 0.15
chatbot 3600 1 0.7 sglang_ca dispatch ttft 387 p99 4684 hit 0.15
chatbot 3600 1 0.7 lmetric inflight ttft 197 p99 1728 hit 0.15
chatbot 3600 1 0.9 load exact ttft 1299 p99 8565 hit 0.14
chatbot 3600 1 0.9 lmetric exact ttft 987 p99 7536 hit 0.15
chatbot 3600 4 0.5 load exact ttft 172 p99 796 hit 0.16
chatbot 3600 4 0.5 lmetric exact ttft 159 p99 786 hit 0.18
chatbot 3600 1 0.9 lmetric dispatch ttft 1251 p99 9458 hit 0.14
chatbot 3600 4 0.5 lmetric dispatch ttft 166 p99 813 hit 0.18
chatbot 3600 4 0.5 lmetric lru ttft 158 p99 786 hit 0.19
chatbot 3600 1 0.9 lmetric lru ttft 955 p99 7276 hit 0.15
chatbot 3600 4 0.5 sglang_ca dispatch ttft 188 p99 897 hit 0.19
chatbot 3600 4 0.5 lmetric inflight ttft 159 p99 786 hit 0.18
chatbot 3600 1 0.9 lmetric inflight ttft 1014 p99 7551 hit 0.15
chatbot 3600 1 0.9 sglang_ca dispatch ttft 2410 p99 19266 hit 0.15
chatbot 3600 4 0.7 load exact ttft 197 p99 890 hit 0.16
chatbot 3600 4 0.7 lmetric exact ttft 171 p99 818 hit 0.18
chatbot 3600 4 0.7 lmetric dispatch ttft 184 p99 882 hit 0.18
chatbot 3600 4 0.7 lmetric lru ttft 171 p99 819 hit 0.18
chatbot 3600 4 0.7 lmetric inflight ttft 171 p99 819 hit 0.18
chatbot 3600 4 0.7 sglang_ca dispatch ttft 224 p99 1138 hit 0.19
chatbot 3600 4 0.9 load exact ttft 368 p99 3813 hit 0.16
chatbot 3600 4 0.9 lmetric exact ttft 257 p99 1794 hit 0.18
chatbot 3600 4 0.9 lmetric dispatch ttft 309 p99 3117 hit 0.18
chatbot 3600 4 0.9 lmetric lru ttft 270 p99 2475 hit 0.18
chatbot 3600 4 0.9 sglang_ca dispatch ttft 814 p99 9492 hit 0.18
chatbot 3600 4 0.9 lmetric inflight ttft 250 p99 1548 hit 0.18
chatbot 5400 1 0.5 load exact ttft 188 p99 791 hit 0.13
chatbot 5400 1 0.5 lmetric exact ttft 180 p99 782 hit 0.13
chatbot 5400 1 0.5 lmetric dispatch ttft 194 p99 872 hit 0.13
chatbot 5400 1 0.5 lmetric lru ttft 179 p99 783 hit 0.13
chatbot 5400 1 0.5 lmetric inflight ttft 180 p99 782 hit 0.13
chatbot 5400 1 0.5 sglang_ca dispatch ttft 234 p99 1612 hit 0.13
chatbot 5400 1 0.7 load exact ttft 248 p99 2385 hit 0.13
chatbot 5400 1 0.7 lmetric exact ttft 216 p99 1757 hit 0.13
chatbot 5400 1 0.7 lmetric lru ttft 210 p99 1553 hit 0.13
chatbot 5400 1 0.7 lmetric dispatch ttft 258 p99 2928 hit 0.13
chatbot 5400 1 0.7 lmetric inflight ttft 217 p99 1854 hit 0.13
chatbot 5400 1 0.7 sglang_ca dispatch ttft 417 p99 4509 hit 0.13
chatbot 5400 1 0.9 load exact ttft 770 p99 6982 hit 0.13
chatbot 5400 4 0.5 load exact ttft 191 p99 806 hit 0.15
chatbot 5400 1 0.9 lmetric exact ttft 586 p99 5681 hit 0.13
chatbot 5400 4 0.5 lmetric exact ttft 177 p99 790 hit 0.17
chatbot 5400 4 0.5 lmetric dispatch ttft 187 p99 830 hit 0.16
chatbot 5400 1 0.9 lmetric lru ttft 570 p99 5622 hit 0.13
chatbot 5400 1 0.9 lmetric dispatch ttft 730 p99 6422 hit 0.13
chatbot 5400 4 0.5 lmetric lru ttft 177 p99 790 hit 0.16
chatbot 5400 1 0.9 lmetric inflight ttft 559 p99 5237 hit 0.13
chatbot 5400 4 0.5 sglang_ca dispatch ttft 211 p99 988 hit 0.17
chatbot 5400 4 0.5 lmetric inflight ttft 177 p99 791 hit 0.17
chatbot 5400 1 0.9 sglang_ca dispatch ttft 1593 p99 13661 hit 0.13
chatbot 5400 4 0.7 load exact ttft 219 p99 950 hit 0.14
chatbot 5400 4 0.7 lmetric exact ttft 190 p99 825 hit 0.16
chatbot 5400 4 0.7 lmetric dispatch ttft 206 p99 973 hit 0.16
chatbot 5400 4 0.7 lmetric lru ttft 189 p99 821 hit 0.16
chatbot 5400 4 0.7 sglang_ca dispatch ttft 248 p99 1203 hit 0.17
chatbot 5400 4 0.7 lmetric inflight ttft 190 p99 823 hit 0.16
chatbot 5400 4 0.9 load exact ttft 294 p99 1387 hit 0.14
chatbot 5400 4 0.9 lmetric exact ttft 231 p99 973 hit 0.16
chatbot 5400 4 0.9 lmetric dispatch ttft 266 p99 1385 hit 0.16
chatbot 5400 4 0.9 lmetric lru ttft 230 p99 972 hit 0.16
chatbot 5400 4 0.9 sglang_ca dispatch ttft 417 p99 4798 hit 0.16
chatbot 5400 4 0.9 lmetric inflight ttft 231 p99 965 hit 0.16
