capacity ('thinking', 0, 16, 1) max 18.28 req/s, trace 1.50 req/s
capacity ('thinking', 0, 16, 4) max 23.09 req/s, trace 1.50 req/s
capacity ('thinking', 0, 16, 16) max 24.44 req/s, trace 1.50 req/s
capacity ('thinking', 1800, 16, 1) max 18.17 req/s, trace 1.60 req/s
capacity ('thinking', 1800, 16, 4) max 22.59 req/s, trace 1.60 req/s
capacity ('thinking', 1800, 16, 16) max 24.03 req/s, trace 1.60 req/s
capacity ('thinking', 3600, 16, 1) max 12.75 req/s, trace 1.89 req/s
capacity ('thinking', 3600, 16, 4) max 16.25 req/s, trace 1.89 req/s
capacity ('thinking', 3600, 16, 16) max 17.23 req/s, trace 1.89 req/s
capacity ('thinking', 5400, 16, 1) max 14.15 req/s, trace 1.02 req/s
capacity ('thinking', 5400, 16, 4) max 18.01 req/s, trace 1.02 req/s
capacity ('thinking', 5400, 16, 16) max 19.25 req/s, trace 1.02 req/s
capacity ('coder', 0, 16, 1) max 13.86 req/s, trace 5.08 req/s
capacity ('coder', 0, 16, 4) max 18.08 req/s, trace 5.08 req/s
capacity ('coder', 0, 16, 16) max 20.13 req/s, trace 5.08 req/s
capacity ('coder', 1800, 16, 1) max 13.79 req/s, trace 6.07 req/s
capacity ('coder', 1800, 16, 4) max 17.76 req/s, trace 6.07 req/s
capacity ('coder', 1800, 16, 16) max 19.84 req/s, trace 6.07 req/s
capacity ('coder', 3600, 16, 1) max 14.14 req/s, trace 6.28 req/s
capacity ('coder', 3600, 16, 4) max 18.26 req/s, trace 6.28 req/s
capacity ('coder', 3600, 16, 16) max 20.14 req/s, trace 6.28 req/s
capacity ('coder', 5400, 16, 1) max 14.34 req/s, trace 6.47 req/s
capacity ('coder', 5400, 16, 4) max 18.40 req/s, trace 6.47 req/s
capacity ('coder', 5400, 16, 16) max 20.43 req/s, trace 6.47 req/s
capacity ('chatbot', 0, 16, 1) max 28.44 req/s, trace 4.59 req/s
capacity ('chatbot', 0, 16, 4) max 36.00 req/s, trace 4.59 req/s
capacity ('chatbot', 0, 16, 16) max 38.79 req/s, trace 4.59 req/s
capacity ('chatbot', 1800, 16, 1) max 27.40 req/s, trace 5.57 req/s
capacity ('chatbot', 1800, 16, 4) max 34.38 req/s, trace 5.57 req/s
capacity ('chatbot', 1800, 16, 16) max 36.80 req/s, trace 5.57 req/s
capacity ('chatbot', 3600, 16, 1) max 24.65 req/s, trace 6.27 req/s
capacity ('chatbot', 3600, 16, 4) max 31.20 req/s, trace 6.27 req/s
capacity ('chatbot', 3600, 16, 16) max 33.74 req/s, trace 6.27 req/s
capacity ('chatbot', 5400, 16, 1) max 23.98 req/s, trace 7.49 req/s
capacity ('chatbot', 5400, 16, 4) max 30.18 req/s, trace 7.49 req/s
capacity ('chatbot', 5400, 16, 16) max 32.84 req/s, trace 7.49 req/s
capacity ('trace-b', 0, 16, 1) max 140.55 req/s, trace 20.82 req/s
capacity ('trace-b', 0, 16, 4) max 170.29 req/s, trace 20.82 req/s
capacity ('trace-b', 0, 16, 16) max 186.40 req/s, trace 20.82 req/s
capacity ('trace-b', 600, 16, 1) max 122.41 req/s, trace 22.94 req/s
capacity ('trace-b', 600, 16, 4) max 148.72 req/s, trace 22.94 req/s
capacity ('trace-b', 600, 16, 16) max 162.19 req/s, trace 22.94 req/s
capacity ('trace-b', 1200, 16, 1) max 120.50 req/s, trace 23.35 req/s
capacity ('trace-b', 1200, 16, 4) max 145.49 req/s, trace 23.35 req/s
capacity ('trace-b', 1200, 16, 16) max 156.92 req/s, trace 23.35 req/s
capacity ('trace-b', 1800, 16, 1) max 117.84 req/s, trace 24.07 req/s
capacity ('trace-b', 1800, 16, 4) max 143.25 req/s, trace 24.07 req/s
capacity ('trace-b', 1800, 16, 16) max 158.31 req/s, trace 24.07 req/s
thinking 0 4 0.5 lmetric exact ttft 161 p99 829 hit 0.47
thinking 0 1 0.5 lmetric exact ttft 203 p99 2033 hit 0.42
thinking 0 1 0.5 sglang_ca dispatch ttft 319 p99 5714 hit 0.45
thinking 0 1 0.5 lmetric lru ttft 193 p99 1534 hit 0.42
thinking 0 4 0.5 load exact ttft 308 p99 1313 hit 0.17
thinking 0 1 0.5 lmetric dispatch ttft 203 p99 2177 hit 0.42
thinking 0 1 0.7 sglang_ca dispatch ttft 1724 p99 17299 hit 0.44
thinking 0 1 0.5 load exact ttft 855 p99 6663 hit 0.12
thinking 0 1 0.7 lmetric dispatch ttft 1922 p99 12171 hit 0.37
thinking 0 1 0.7 lmetric lru ttft 1966 p99 12143 hit 0.36
thinking 0 1 0.7 load exact ttft 6536 p99 22804 hit 0.12
thinking 0 1 0.7 lmetric exact ttft 3319 p99 17470 hit 0.28
thinking 0 4 0.5 lmetric dispatch ttft 160 p99 827 hit 0.47
thinking 0 4 0.5 sglang_ca dispatch ttft 177 p99 854 hit 0.51
thinking 0 4 0.5 lmetric lru ttft 160 p99 827 hit 0.47
thinking 0 4 0.7 lmetric dispatch ttft 212 p99 1018 hit 0.47
thinking 0 4 0.7 lmetric exact ttft 252 p99 1295 hit 0.44
thinking 0 4 0.7 load exact ttft 2234 p99 13445 hit 0.16
thinking 0 4 0.7 lmetric lru ttft 209 p99 1017 hit 0.47
thinking 0 4 0.7 sglang_ca dispatch ttft 239 p99 1086 hit 0.51
thinking 0 16 0.5 lmetric exact ttft 165 p99 850 hit 0.48
thinking 0 16 0.5 load exact ttft 336 p99 1610 hit 0.18
thinking 0 16 0.5 lmetric lru ttft 163 p99 845 hit 0.48
thinking 0 16 0.5 lmetric dispatch ttft 163 p99 845 hit 0.48
thinking 0 16 0.5 sglang_ca dispatch ttft 184 p99 883 hit 0.52
thinking 0 16 0.7 load exact ttft 609 p99 3180 hit 0.16
thinking 0 16 0.7 lmetric exact ttft 226 p99 1061 hit 0.45
thinking 0 16 0.7 lmetric dispatch ttft 220 p99 1016 hit 0.47
thinking 0 16 0.7 lmetric lru ttft 220 p99 1016 hit 0.47
thinking 0 16 0.7 sglang_ca dispatch ttft 248 p99 1082 hit 0.51
thinking 1800 1 0.5 lmetric exact ttft 138 p99 776 hit 0.63
thinking 1800 1 0.5 load exact ttft 169 p99 795 hit 0.50
thinking 1800 1 0.5 lmetric lru ttft 142 p99 776 hit 0.63
thinking 1800 1 0.5 lmetric dispatch ttft 145 p99 780 hit 0.62
thinking 1800 1 0.7 load exact ttft 197 p99 966 hit 0.49
thinking 1800 1 0.5 sglang_ca dispatch ttft 166 p99 894 hit 0.62
thinking 1800 1 0.7 lmetric exact ttft 157 p99 795 hit 0.63
thinking 1800 1 0.7 lmetric dispatch ttft 161 p99 821 hit 0.62
thinking 1800 1 0.7 lmetric lru ttft 155 p99 794 hit 0.63
thinking 1800 4 0.5 lmetric exact ttft 138 p99 781 hit 0.66
thinking 1800 1 0.7 sglang_ca dispatch ttft 250 p99 2997 hit 0.60
thinking 1800 4 0.5 load exact ttft 168 p99 807 hit 0.53
thinking 1800 4 0.5 lmetric dispatch ttft 139 p99 782 hit 0.66
thinking 1800 4 0.5 lmetric lru ttft 138 p99 780 hit 0.66
thinking 1800 4 0.7 load exact ttft 189 p99 890 hit 0.53
thinking 1800 4 0.5 sglang_ca dispatch ttft 148 p99 824 hit 0.65
thinking 1800 4 0.7 lmetric exact ttft 156 p99 810 hit 0.66
thinking 1800 4 0.7 lmetric dispatch ttft 149 p99 819 hit 0.66
thinking 1800 4 0.7 lmetric lru ttft 148 p99 815 hit 0.66
thinking 1800 4 0.7 sglang_ca dispatch ttft 169 p99 915 hit 0.64
thinking 1800 16 0.5 load exact ttft 169 p99 814 hit 0.54
thinking 1800 16 0.5 lmetric exact ttft 139 p99 783 hit 0.67
thinking 1800 16 0.5 lmetric dispatch ttft 139 p99 779 hit 0.67
thinking 1800 16 0.5 lmetric lru ttft 139 p99 779 hit 0.67
thinking 1800 16 0.5 sglang_ca dispatch ttft 151 p99 860 hit 0.66
thinking 1800 16 0.7 load exact ttft 192 p99 902 hit 0.54
thinking 1800 16 0.7 lmetric dispatch ttft 150 p99 817 hit 0.67
thinking 1800 16 0.7 lmetric exact ttft 150 p99 817 hit 0.67
thinking 1800 16 0.7 lmetric lru ttft 150 p99 817 hit 0.67
thinking 1800 16 0.7 sglang_ca dispatch ttft 177 p99 943 hit 0.65
thinking 3600 1 0.5 lmetric exact ttft 252 p99 783 hit 0.37
thinking 3600 1 0.5 load exact ttft 289 p99 794 hit 0.25
thinking 3600 1 0.5 lmetric dispatch ttft 255 p99 790 hit 0.36
thinking 3600 1 0.5 lmetric lru ttft 253 p99 785 hit 0.37
thinking 3600 1 0.7 load exact ttft 316 p99 1102 hit 0.25
thinking 3600 1 0.5 sglang_ca dispatch ttft 879 p99 19229 hit 0.35
thinking 3600 1 0.7 lmetric exact ttft 277 p99 809 hit 0.36
thinking 3600 1 0.7 lmetric dispatch ttft 285 p99 919 hit 0.36
thinking 3600 1 0.7 lmetric lru ttft 280 p99 815 hit 0.36
thinking 3600 4 0.5 load exact ttft 276 p99 807 hit 0.31
thinking 3600 1 0.7 sglang_ca dispatch ttft 594 p99 16860 hit 0.35
thinking 3600 4 0.5 lmetric exact ttft 251 p99 792 hit 0.39
thinking 3600 4 0.5 lmetric dispatch ttft 254 p99 795 hit 0.39
thinking 3600 4 0.5 lmetric lru ttft 251 p99 795 hit 0.40
thinking 3600 4 0.7 load exact ttft 303 p99 935 hit 0.31
thinking 3600 4 0.5 sglang_ca dispatch ttft 270 p99 832 hit 0.40
thinking 3600 4 0.7 lmetric exact ttft 271 p99 841 hit 0.39
thinking 3600 4 0.7 lmetric dispatch ttft 273 p99 841 hit 0.39
thinking 3600 4 0.7 lmetric lru ttft 270 p99 839 hit 0.39
thinking 3600 4 0.7 sglang_ca dispatch ttft 293 p99 925 hit 0.39
thinking 3600 16 0.5 lmetric exact ttft 249 p99 800 hit 0.41
thinking 3600 16 0.5 load exact ttft 277 p99 810 hit 0.32
thinking 3600 16 0.5 lmetric dispatch ttft 249 p99 800 hit 0.41
thinking 3600 16 0.5 lmetric lru ttft 249 p99 800 hit 0.41
thinking 5400 1 0.5 load exact ttft 244 p99 800 hit 0.14
thinking 5400 1 0.5 lmetric exact ttft 197 p99 792 hit 0.32
thinking 5400 1 0.5 lmetric dispatch ttft 203 p99 796 hit 0.31
thinking 5400 1 0.5 lmetric lru ttft 197 p99 795 hit 0.32
thinking 5400 1 0.5 sglang_ca dispatch ttft 210 p99 802 hit 0.34
thinking 5400 1 0.7 load exact ttft 344 p99 3438 hit 0.12
thinking 3600 16 0.5 sglang_ca dispatch ttft 264 p99 827 hit 0.42
thinking 3600 16 0.7 load exact ttft 302 p99 912 hit 0.32
thinking 3600 16 0.7 lmetric exact ttft 259 p99 852 hit 0.41
thinking 3600 16 0.7 lmetric dispatch ttft 259 p99 852 hit 0.41
thinking 3600 16 0.7 lmetric lru ttft 259 p99 852 hit 0.41
thinking 3600 16 0.7 sglang_ca dispatch ttft 288 p99 925 hit 0.41
thinking 5400 1 0.7 lmetric exact ttft 244 p99 2137 hit 0.31
thinking 5400 1 0.7 lmetric dispatch ttft 251 p99 1995 hit 0.29
thinking 5400 1 0.7 sglang_ca dispatch ttft 250 p99 1526 hit 0.34
thinking 5400 1 0.7 lmetric lru ttft 243 p99 2039 hit 0.30
thinking 5400 4 0.5 load exact ttft 241 p99 827 hit 0.19
thinking 5400 4 0.5 lmetric exact ttft 188 p99 804 hit 0.37
thinking 5400 4 0.5 lmetric dispatch ttft 188 p99 804 hit 0.37
thinking 5400 4 0.5 sglang_ca dispatch ttft 203 p99 816 hit 0.39
thinking 5400 4 0.5 lmetric lru ttft 188 p99 804 hit 0.37
thinking 5400 4 0.7 load exact ttft 254 p99 903 hit 0.20
thinking 5400 4 0.7 lmetric exact ttft 195 p99 835 hit 0.38
thinking 5400 4 0.7 lmetric dispatch ttft 195 p99 835 hit 0.37
thinking 5400 4 0.7 lmetric lru ttft 195 p99 835 hit 0.37
thinking 5400 4 0.7 sglang_ca dispatch ttft 219 p99 870 hit 0.39
thinking 5400 16 0.5 load exact ttft 238 p99 840 hit 0.21
thinking 5400 16 0.5 lmetric exact ttft 189 p99 815 hit 0.38
thinking 5400 16 0.5 lmetric dispatch ttft 188 p99 813 hit 0.38
thinking 5400 16 0.5 lmetric lru ttft 188 p99 813 hit 0.38
thinking 5400 16 0.5 sglang_ca dispatch ttft 205 p99 830 hit 0.40
thinking 5400 16 0.7 load exact ttft 258 p99 956 hit 0.21
thinking 5400 16 0.7 lmetric exact ttft 199 p99 847 hit 0.37
thinking 5400 16 0.7 lmetric dispatch ttft 199 p99 847 hit 0.37
thinking 5400 16 0.7 lmetric lru ttft 199 p99 847 hit 0.37
thinking 5400 16 0.7 sglang_ca dispatch ttft 223 p99 885 hit 0.40
coder 0 1 0.5 load exact ttft 361 p99 794 hit 0.12
coder 0 1 0.5 lmetric exact ttft 276 p99 781 hit 0.32
coder 0 1 0.5 lmetric lru ttft 277 p99 780 hit 0.32
coder 0 1 0.7 load exact ttft 382 p99 925 hit 0.11
coder 0 1 0.5 lmetric dispatch ttft 296 p99 854 hit 0.30
coder 0 1 0.7 lmetric exact ttft 285 p99 795 hit 0.32
coder 0 4 0.5 lmetric exact ttft 233 p99 783 hit 0.44
coder 0 4 0.5 load exact ttft 330 p99 801 hit 0.21
coder 0 1 0.7 lmetric lru ttft 287 p99 796 hit 0.31
coder 0 1 0.5 sglang_ca dispatch ttft 1112 p99 15846 hit 0.33
coder 0 1 0.7 lmetric dispatch ttft 329 p99 1622 hit 0.30
coder 0 1 0.7 sglang_ca dispatch ttft 1646 p99 43723 hit 0.30
coder 0 4 0.5 lmetric dispatch ttft 242 p99 800 hit 0.43
coder 0 4 0.5 lmetric lru ttft 235 p99 783 hit 0.44
coder 0 4 0.7 lmetric exact ttft 244 p99 804 hit 0.44
coder 0 4 0.5 sglang_ca dispatch ttft 324 p99 1806 hit 0.46
coder 0 16 0.5 lmetric exact ttft 196 p99 782 hit 0.55
coder 0 4 0.7 lmetric dispatch ttft 253 p99 843 hit 0.44
coder 0 4 0.7 load exact ttft 353 p99 938 hit 0.21
coder 0 16 0.5 lmetric dispatch ttft 197 p99 783 hit 0.54
coder 0 16 0.5 load exact ttft 301 p99 806 hit 0.29
coder 0 4 0.7 lmetric lru ttft 245 p99 805 hit 0.44
coder 0 4 0.7 sglang_ca dispatch ttft 470 p99 7154 hit 0.46
coder 0 16 0.5 lmetric lru ttft 197 p99 782 hit 0.54
coder 0 16 0.7 lmetric exact ttft 207 p99 805 hit 0.54
coder 0 16 0.7 load exact ttft 329 p99 966 hit 0.29
coder 0 16 0.5 sglang_ca dispatch ttft 211 p99 829 hit 0.58
coder 0 16 0.7 lmetric dispatch ttft 210 p99 811 hit 0.54
coder 0 16 0.7 sglang_ca dispatch ttft 242 p99 1052 hit 0.58
coder 0 16 0.7 lmetric lru ttft 209 p99 807 hit 0.54
coder 1800 1 0.5 lmetric exact ttft 280 p99 779 hit 0.33
coder 1800 1 0.5 load exact ttft 371 p99 793 hit 0.12
coder 1800 1 0.5 lmetric dispatch ttft 304 p99 947 hit 0.31
coder 1800 1 0.5 lmetric lru ttft 281 p99 779 hit 0.33
coder 1800 1 0.5 sglang_ca dispatch ttft 617 p99 8167 hit 0.34
coder 1800 1 0.7 load exact ttft 390 p99 824 hit 0.11
coder 1800 4 0.5 load exact ttft 333 p99 796 hit 0.22
coder 1800 4 0.5 lmetric exact ttft 237 p99 782 hit 0.45
coder 1800 1 0.7 lmetric exact ttft 290 p99 790 hit 0.32
coder 1800 1 0.7 lmetric lru ttft 291 p99 793 hit 0.32
coder 1800 1 0.7 lmetric dispatch ttft 340 p99 1890 hit 0.30
coder 1800 1 0.7 sglang_ca dispatch ttft 1040 p99 27757 hit 0.31
coder 1800 4 0.5 sglang_ca dispatch ttft 261 p99 950 hit 0.47
coder 1800 4 0.5 lmetric dispatch ttft 244 p99 799 hit 0.44
coder 1800 4 0.5 lmetric lru ttft 238 p99 782 hit 0.44
coder 1800 4 0.7 lmetric exact ttft 247 p99 800 hit 0.44
coder 1800 4 0.7 load exact ttft 355 p99 875 hit 0.22
coder 1800 4 0.7 lmetric dispatch ttft 257 p99 847 hit 0.44
coder 1800 16 0.5 load exact ttft 305 p99 799 hit 0.30
coder 1800 16 0.5 lmetric exact ttft 192 p99 779 hit 0.57
coder 1800 4 0.7 lmetric lru ttft 247 p99 798 hit 0.44
coder 1800 16 0.5 lmetric dispatch ttft 194 p99 782 hit 0.56
coder 1800 4 0.7 sglang_ca dispatch ttft 333 p99 1423 hit 0.46
coder 1800 16 0.5 lmetric lru ttft 191 p99 778 hit 0.57
coder 1800 16 0.7 lmetric exact ttft 203 p99 799 hit 0.56
coder 1800 16 0.7 load exact ttft 329 p99 925 hit 0.30
coder 1800 16 0.5 sglang_ca dispatch ttft 216 p99 872 hit 0.60
coder 1800 16 0.7 lmetric dispatch ttft 203 p99 805 hit 0.56
coder 1800 16 0.7 lmetric lru ttft 202 p99 799 hit 0.56
coder 1800 16 0.7 sglang_ca dispatch ttft 222 p99 894 hit 0.59
coder 3600 1 0.5 lmetric exact ttft 286 p99 780 hit 0.30
coder 3600 1 0.5 load exact ttft 368 p99 793 hit 0.11
coder 3600 1 0.5 lmetric dispatch ttft 311 p99 970 hit 0.29
coder 3600 1 0.5 lmetric lru ttft 287 p99 780 hit 0.30
coder 3600 1 0.5 sglang_ca dispatch ttft 781 p99 10991 hit 0.32
coder 3600 1 0.7 load exact ttft 387 p99 857 hit 0.11
coder 3600 4 0.5 load exact ttft 335 p99 800 hit 0.21
coder 3600 1 0.7 lmetric exact ttft 296 p99 797 hit 0.30
coder 3600 1 0.7 lmetric lru ttft 297 p99 795 hit 0.30
coder 3600 4 0.5 lmetric exact ttft 247 p99 782 hit 0.42
coder 3600 1 0.7 lmetric dispatch ttft 362 p99 2269 hit 0.27
coder 3600 1 0.7 sglang_ca dispatch ttft 1907 p99 38772 hit 0.29
coder 3600 4 0.5 lmetric dispatch ttft 254 p99 807 hit 0.41
coder 3600 4 0.5 lmetric lru ttft 247 p99 783 hit 0.41
coder 3600 4 0.5 sglang_ca dispatch ttft 285 p99 1145 hit 0.44
coder 3600 4 0.7 lmetric exact ttft 258 p99 803 hit 0.41
coder 3600 4 0.7 load exact ttft 361 p99 962 hit 0.20
coder 3600 4 0.7 lmetric dispatch ttft 267 p99 861 hit 0.41
coder 3600 16 0.5 lmetric exact ttft 205 p99 783 hit 0.53
coder 3600 16 0.5 load exact ttft 306 p99 800 hit 0.29
coder 3600 16 0.5 lmetric dispatch ttft 205 p99 785 hit 0.53
coder 3600 4 0.7 lmetric lru ttft 257 p99 805 hit 0.41
coder 3600 4 0.7 sglang_ca dispatch ttft 378 p99 1951 hit 0.44
coder 3600 16 0.5 lmetric lru ttft 204 p99 783 hit 0.53
coder 3600 16 0.7 load exact ttft 333 p99 912 hit 0.28
coder 3600 16 0.5 sglang_ca dispatch ttft 227 p99 892 hit 0.56
coder 3600 16 0.7 lmetric exact ttft 213 p99 804 hit 0.53
coder 3600 16 0.7 lmetric lru ttft 213 p99 807 hit 0.53
coder 3600 16 0.7 lmetric dispatch ttft 215 p99 810 hit 0.53
coder 3600 16 0.7 sglang_ca dispatch ttft 231 p99 906 hit 0.56
coder 5400 1 0.5 lmetric exact ttft 276 p99 779 hit 0.30
coder 5400 1 0.5 load exact ttft 353 p99 793 hit 0.11
coder 5400 1 0.5 lmetric dispatch ttft 303 p99 970 hit 0.27
coder 5400 1 0.5 lmetric lru ttft 275 p99 779 hit 0.30
coder 5400 1 0.5 sglang_ca dispatch ttft 817 p99 12531 hit 0.30
coder 5400 1 0.7 load exact ttft 369 p99 842 hit 0.10
coder 5400 1 0.7 lmetric exact ttft 283 p99 793 hit 0.30
coder 5400 1 0.7 lmetric lru ttft 285 p99 794 hit 0.29
coder 5400 1 0.7 lmetric dispatch ttft 342 p99 2316 hit 0.27
coder 5400 4 0.5 load exact ttft 326 p99 797 hit 0.20
coder 5400 4 0.5 lmetric exact ttft 240 p99 782 hit 0.40
coder 5400 1 0.7 sglang_ca dispatch ttft 1578 p99 35424 hit 0.28
coder 5400 4 0.5 lmetric dispatch ttft 245 p99 800 hit 0.40
coder 5400 4 0.5 lmetric lru ttft 239 p99 781 hit 0.41
coder 5400 4 0.5 sglang_ca dispatch ttft 268 p99 1056 hit 0.43
coder 5400 4 0.7 load exact ttft 348 p99 876 hit 0.19
coder 5400 4 0.7 lmetric exact ttft 250 p99 802 hit 0.40
coder 5400 4 0.7 lmetric dispatch ttft 258 p99 853 hit 0.40
coder 5400 16 0.5 load exact ttft 296 p99 799 hit 0.28
coder 5400 16 0.5 lmetric exact ttft 197 p99 780 hit 0.52
coder 5400 4 0.7 lmetric lru ttft 249 p99 803 hit 0.40
coder 5400 16 0.5 lmetric dispatch ttft 199 p99 783 hit 0.52
coder 5400 4 0.7 sglang_ca dispatch ttft 326 p99 1405 hit 0.42
coder 5400 16 0.5 lmetric lru ttft 198 p99 781 hit 0.52
coder 5400 16 0.5 sglang_ca dispatch ttft 224 p99 877 hit 0.56
coder 5400 16 0.7 load exact ttft 317 p99 875 hit 0.28
coder 5400 16 0.7 lmetric exact ttft 207 p99 801 hit 0.52
coder 5400 16 0.7 lmetric dispatch ttft 209 p99 809 hit 0.52
coder 5400 16 0.7 lmetric lru ttft 206 p99 801 hit 0.53
coder 5400 16 0.7 sglang_ca dispatch ttft 233 p99 940 hit 0.55
chatbot 0 1 0.5 load exact ttft 147 p99 778 hit 0.15
chatbot 0 1 0.5 lmetric exact ttft 136 p99 774 hit 0.23
chatbot 0 1 0.5 lmetric dispatch ttft 143 p99 788 hit 0.22
chatbot 0 1 0.5 lmetric lru ttft 136 p99 777 hit 0.23
chatbot 0 1 0.5 sglang_ca dispatch ttft 185 p99 1622 hit 0.24
chatbot 0 1 0.7 lmetric exact ttft 152 p99 807 hit 0.23
chatbot 0 1 0.7 load exact ttft 178 p99 1088 hit 0.15
chatbot 0 1 0.7 lmetric dispatch ttft 175 p99 1700 hit 0.22
chatbot 0 1 0.7 lmetric lru ttft 151 p99 800 hit 0.23
chatbot 0 4 0.5 load exact ttft 148 p99 785 hit 0.19
chatbot 0 1 0.7 sglang_ca dispatch ttft 379 p99 5778 hit 0.24
chatbot 0 4 0.5 lmetric exact ttft 107 p99 771 hit 0.43
chatbot 0 4 0.5 lmetric dispatch ttft 109 p99 774 hit 0.42
chatbot 0 4 0.5 lmetric lru ttft 109 p99 770 hit 0.42
chatbot 0 4 0.5 sglang_ca dispatch ttft 120 p99 785 hit 0.45
chatbot 0 4 0.7 load exact ttft 167 p99 836 hit 0.19
chatbot 0 4 0.7 lmetric exact ttft 116 p99 794 hit 0.42
chatbot 0 4 0.7 lmetric dispatch ttft 119 p99 798 hit 0.42
chatbot 0 16 0.5 load exact ttft 146 p99 789 hit 0.21
chatbot 0 4 0.7 lmetric lru ttft 116 p99 790 hit 0.42
chatbot 0 4 0.7 sglang_ca dispatch ttft 135 p99 818 hit 0.45
chatbot 0 16 0.5 lmetric exact ttft 97 p99 766 hit 0.50
chatbot 0 16 0.5 lmetric dispatch ttft 97 p99 767 hit 0.50
chatbot 0 16 0.5 lmetric lru ttft 97 p99 767 hit 0.50
chatbot 0 16 0.5 sglang_ca dispatch ttft 106 p99 777 hit 0.52
chatbot 0 16 0.7 load exact ttft 167 p99 863 hit 0.22
chatbot 0 16 0.7 lmetric exact ttft 106 p99 788 hit 0.50
chatbot 0 16 0.7 lmetric dispatch ttft 107 p99 788 hit 0.50
chatbot 0 16 0.7 lmetric lru ttft 107 p99 789 hit 0.50
chatbot 0 16 0.7 sglang_ca dispatch ttft 122 p99 798 hit 0.52
chatbot 1800 1 0.5 lmetric exact ttft 149 p99 775 hit 0.19
chatbot 1800 1 0.5 load exact ttft 158 p99 778 hit 0.14
chatbot 1800 1 0.5 lmetric dispatch ttft 154 p99 786 hit 0.19
chatbot 1800 1 0.5 lmetric lru ttft 149 p99 776 hit 0.19
chatbot 1800 1 0.5 sglang_ca dispatch ttft 185 p99 1112 hit 0.19
chatbot 1800 1 0.7 load exact ttft 179 p99 812 hit 0.14
chatbot 1800 1 0.7 lmetric exact ttft 164 p99 802 hit 0.19
chatbot 1800 1 0.7 lmetric dispatch ttft 191 p99 1504 hit 0.19
chatbot 1800 4 0.5 load exact ttft 158 p99 784 hit 0.17
chatbot 1800 1 0.7 lmetric lru ttft 161 p99 800 hit 0.19
chatbot 1800 1 0.7 sglang_ca dispatch ttft 324 p99 4105 hit 0.19
chatbot 1800 4 0.5 lmetric exact ttft 124 p99 775 hit 0.36
chatbot 1800 4 0.5 lmetric dispatch ttft 125 p99 780 hit 0.37
chatbot 1800 4 0.5 lmetric lru ttft 125 p99 777 hit 0.36
chatbot 1800 4 0.5 sglang_ca dispatch ttft 135 p99 784 hit 0.38
chatbot 1800 4 0.7 load exact ttft 176 p99 834 hit 0.17
chatbot 1800 4 0.7 lmetric exact ttft 133 p99 798 hit 0.36
chatbot 1800 16 0.5 lmetric exact ttft 110 p99 771 hit 0.45
chatbot 1800 16 0.5 load exact ttft 157 p99 789 hit 0.19
chatbot 1800 4 0.7 lmetric dispatch ttft 136 p99 803 hit 0.36
chatbot 1800 4 0.7 sglang_ca dispatch ttft 155 p99 834 hit 0.38
chatbot 1800 4 0.7 lmetric lru ttft 133 p99 799 hit 0.36
chatbot 1800 16 0.5 lmetric dispatch ttft 110 p99 771 hit 0.46
chatbot 1800 16 0.5 lmetric lru ttft 110 p99 771 hit 0.46
chatbot 1800 16 0.5 sglang_ca dispatch ttft 118 p99 779 hit 0.48
chatbot 1800 16 0.7 load exact ttft 180 p99 854 hit 0.19
chatbot 1800 16 0.7 lmetric exact ttft 120 p99 794 hit 0.45
chatbot 1800 16 0.7 lmetric dispatch ttft 120 p99 795 hit 0.45
chatbot 1800 16 0.7 lmetric lru ttft 119 p99 795 hit 0.45
chatbot 1800 16 0.7 sglang_ca dispatch ttft 134 p99 809 hit 0.48
chatbot 3600 1 0.5 load exact ttft 160 p99 771 hit 0.14
chatbot 3600 1 0.5 lmetric exact ttft 153 p99 769 hit 0.18
chatbot 3600 1 0.5 lmetric dispatch ttft 158 p99 779 hit 0.18
chatbot 3600 1 0.5 lmetric lru ttft 153 p99 770 hit 0.18
chatbot 3600 1 0.5 sglang_ca dispatch ttft 180 p99 864 hit 0.19
chatbot 3600 1 0.7 load exact ttft 169 p99 788 hit 0.14
chatbot 3600 1 0.7 lmetric exact ttft 159 p99 783 hit 0.18
chatbot 3600 1 0.7 lmetric lru ttft 160 p99 783 hit 0.18
chatbot 3600 1 0.7 lmetric dispatch ttft 178 p99 948 hit 0.18
chatbot 3600 4 0.5 load exact ttft 161 p99 778 hit 0.17
chatbot 3600 4 0.5 lmetric exact ttft 126 p99 772 hit 0.36
chatbot 3600 1 0.7 sglang_ca dispatch ttft 252 p99 2893 hit 0.18
chatbot 3600 4 0.5 lmetric dispatch ttft 130 p99 775 hit 0.36
chatbot 3600 4 0.5 lmetric lru ttft 127 p99 771 hit 0.36
chatbot 3600 4 0.5 sglang_ca dispatch ttft 139 p99 788 hit 0.38
chatbot 3600 4 0.7 load exact ttft 172 p99 801 hit 0.17
chatbot 3600 4 0.7 lmetric exact ttft 134 p99 787 hit 0.36
chatbot 3600 4 0.7 lmetric dispatch ttft 137 p99 799 hit 0.36
chatbot 3600 16 0.5 load exact ttft 159 p99 783 hit 0.19
chatbot 3600 4 0.7 lmetric lru ttft 133 p99 787 hit 0.36
chatbot 3600 16 0.5 lmetric exact ttft 105 p99 767 hit 0.49
chatbot 3600 16 0.5 lmetric dispatch ttft 105 p99 767 hit 0.50
chatbot 3600 4 0.7 sglang_ca dispatch ttft 155 p99 825 hit 0.38
chatbot 3600 16 0.5 lmetric lru ttft 104 p99 768 hit 0.50
chatbot 3600 16 0.5 sglang_ca dispatch ttft 111 p99 774 hit 0.52
chatbot 3600 16 0.7 load exact ttft 173 p99 816 hit 0.19
chatbot 3600 16 0.7 lmetric exact ttft 111 p99 784 hit 0.49
chatbot 3600 16 0.7 lmetric lru ttft 112 p99 783 hit 0.49
chatbot 3600 16 0.7 lmetric dispatch ttft 112 p99 782 hit 0.49
chatbot 3600 16 0.7 sglang_ca dispatch ttft 124 p99 795 hit 0.52
chatbot 5400 1 0.5 load exact ttft 179 p99 776 hit 0.13
chatbot 5400 1 0.5 lmetric exact ttft 171 p99 777 hit 0.16
chatbot 5400 1 0.5 lmetric dispatch ttft 180 p99 792 hit 0.16
chatbot 5400 1 0.5 lmetric lru ttft 172 p99 775 hit 0.16
chatbot 5400 1 0.5 sglang_ca dispatch ttft 214 p99 1133 hit 0.16
chatbot 5400 1 0.7 load exact ttft 191 p99 796 hit 0.13
chatbot 5400 1 0.7 lmetric exact ttft 179 p99 789 hit 0.16
chatbot 5400 1 0.7 lmetric dispatch ttft 213 p99 1562 hit 0.15
chatbot 5400 4 0.5 load exact ttft 180 p99 783 hit 0.15
chatbot 5400 1 0.7 lmetric lru ttft 180 p99 790 hit 0.16
chatbot 5400 4 0.5 lmetric exact ttft 143 p99 775 hit 0.33
chatbot 5400 1 0.7 sglang_ca dispatch ttft 328 p99 4039 hit 0.16
chatbot 5400 4 0.5 lmetric dispatch ttft 148 p99 785 hit 0.33
chatbot 5400 4 0.5 lmetric lru ttft 144 p99 776 hit 0.33
chatbot 5400 4 0.5 sglang_ca dispatch ttft 161 p99 806 hit 0.35
chatbot 5400 4 0.7 load exact ttft 195 p99 817 hit 0.15
chatbot 5400 4 0.7 lmetric exact ttft 151 p99 792 hit 0.33
chatbot 5400 4 0.7 lmetric dispatch ttft 159 p99 814 hit 0.33
chatbot 5400 16 0.5 load exact ttft 176 p99 786 hit 0.19
chatbot 5400 16 0.5 lmetric exact ttft 114 p99 768 hit 0.49
chatbot 5400 16 0.5 lmetric dispatch ttft 114 p99 770 hit 0.49
chatbot 5400 4 0.7 lmetric lru ttft 151 p99 794 hit 0.33
chatbot 5400 16 0.5 lmetric lru ttft 114 p99 770 hit 0.49
trace-b 0 1 0.5 load exact ttft 61 p99 444 hit 0.19
chatbot 5400 4 0.7 sglang_ca dispatch ttft 178 p99 881 hit 0.35
trace-b 0 1 0.5 lmetric exact ttft 49 p99 370 hit 0.39
trace-b 0 1 0.5 lmetric dispatch ttft 51 p99 384 hit 0.37
trace-b 0 1 0.5 lmetric lru ttft 49 p99 375 hit 0.39
trace-b 0 1 0.5 sglang_ca dispatch ttft 65 p99 590 hit 0.41
trace-b 0 1 0.7 load exact ttft 69 p99 493 hit 0.18
trace-b 0 1 0.7 lmetric exact ttft 53 p99 379 hit 0.38
trace-b 0 1 0.7 lmetric dispatch ttft 55 p99 395 hit 0.35
trace-b 0 1 0.7 lmetric lru ttft 54 p99 379 hit 0.38
trace-b 0 1 0.7 sglang_ca dispatch ttft 80 p99 759 hit 0.41
trace-b 0 4 0.5 load exact ttft 59 p99 463 hit 0.29
trace-b 0 4 0.5 lmetric exact ttft 48 p99 341 hit 0.47
trace-b 0 4 0.5 lmetric dispatch ttft 48 p99 344 hit 0.46
trace-b 0 4 0.5 lmetric lru ttft 47 p99 354 hit 0.46
trace-b 0 4 0.5 sglang_ca dispatch ttft 58 p99 552 hit 0.48
trace-b 0 4 0.7 load exact ttft 71 p99 550 hit 0.28
trace-b 0 4 0.7 lmetric exact ttft 53 p99 358 hit 0.46
chatbot 5400 16 0.5 sglang_ca dispatch ttft 121 p99 778 hit 0.52
trace-b 0 4 0.7 lmetric dispatch ttft 53 p99 359 hit 0.46
trace-b 0 4 0.7 lmetric lru ttft 53 p99 357 hit 0.46
trace-b 0 4 0.7 sglang_ca dispatch ttft 73 p99 642 hit 0.48
trace-b 0 16 0.5 load exact ttft 58 p99 461 hit 0.35
chatbot 5400 16 0.7 lmetric exact ttft 122 p99 784 hit 0.49
chatbot 5400 16 0.7 load exact ttft 193 p99 825 hit 0.19
trace-b 0 16 0.5 lmetric exact ttft 48 p99 335 hit 0.48
trace-b 0 16 0.5 lmetric dispatch ttft 48 p99 335 hit 0.48
trace-b 0 16 0.5 lmetric lru ttft 48 p99 335 hit 0.48
trace-b 0 16 0.5 sglang_ca dispatch ttft 59 p99 529 hit 0.50
trace-b 0 16 0.7 load exact ttft 73 p99 591 hit 0.35
chatbot 5400 16 0.7 lmetric dispatch ttft 122 p99 788 hit 0.50
trace-b 0 16 0.7 lmetric exact ttft 54 p99 347 hit 0.48
chatbot 5400 16 0.7 lmetric lru ttft 121 p99 786 hit 0.50
trace-b 0 16 0.7 lmetric lru ttft 54 p99 350 hit 0.48
trace-b 0 16 0.7 lmetric dispatch ttft 54 p99 350 hit 0.48
trace-b 0 16 0.7 sglang_ca dispatch ttft 73 p99 612 hit 0.50
chatbot 5400 16 0.7 sglang_ca dispatch ttft 135 p99 804 hit 0.52
trace-b 600 1 0.5 load exact ttft 65 p99 495 hit 0.22
trace-b 600 1 0.5 lmetric exact ttft 53 p99 395 hit 0.40
trace-b 600 1 0.5 lmetric dispatch ttft 55 p99 411 hit 0.37
trace-b 600 1 0.5 lmetric lru ttft 53 p99 401 hit 0.41
trace-b 600 1 0.7 lmetric exact ttft 57 p99 408 hit 0.40
trace-b 600 1 0.5 sglang_ca dispatch ttft 67 p99 534 hit 0.42
trace-b 600 1 0.7 load exact ttft 73 p99 566 hit 0.22
trace-b 600 1 0.7 lmetric dispatch ttft 59 p99 413 hit 0.37
trace-b 600 1 0.7 sglang_ca dispatch ttft 90 p99 811 hit 0.42
trace-b 600 1 0.7 lmetric lru ttft 57 p99 406 hit 0.40
trace-b 600 4 0.5 load exact ttft 63 p99 520 hit 0.31
trace-b 600 4 0.5 lmetric exact ttft 51 p99 370 hit 0.47
trace-b 600 4 0.5 lmetric dispatch ttft 52 p99 372 hit 0.46
trace-b 600 4 0.5 lmetric lru ttft 51 p99 374 hit 0.47
trace-b 600 4 0.5 sglang_ca dispatch ttft 66 p99 515 hit 0.48
trace-b 600 4 0.7 load exact ttft 75 p99 581 hit 0.31
trace-b 600 4 0.7 lmetric exact ttft 56 p99 381 hit 0.47
trace-b 600 4 0.7 lmetric dispatch ttft 57 p99 383 hit 0.46
trace-b 600 4 0.7 lmetric lru ttft 57 p99 373 hit 0.47
trace-b 600 4 0.7 sglang_ca dispatch ttft 78 p99 579 hit 0.48
trace-b 600 16 0.5 lmetric exact ttft 51 p99 357 hit 0.49
trace-b 600 16 0.5 load exact ttft 61 p99 495 hit 0.38
trace-b 600 16 0.5 lmetric dispatch ttft 51 p99 358 hit 0.49
trace-b 600 16 0.5 lmetric lru ttft 51 p99 358 hit 0.49
trace-b 600 16 0.5 sglang_ca dispatch ttft 69 p99 475 hit 0.50
trace-b 600 16 0.7 load exact ttft 74 p99 568 hit 0.38
trace-b 600 16 0.7 lmetric exact ttft 58 p99 381 hit 0.48
trace-b 600 16 0.7 lmetric dispatch ttft 58 p99 378 hit 0.49
trace-b 600 16 0.7 lmetric lru ttft 58 p99 378 hit 0.49
trace-b 600 16 0.7 sglang_ca dispatch ttft 75 p99 567 hit 0.50
trace-b 1200 1 0.5 load exact ttft 62 p99 513 hit 0.27
trace-b 1200 1 0.5 lmetric exact ttft 51 p99 346 hit 0.46
trace-b 1200 1 0.5 lmetric dispatch ttft 52 p99 360 hit 0.43
trace-b 1200 1 0.5 sglang_ca dispatch ttft 67 p99 639 hit 0.46
trace-b 1200 1 0.5 lmetric lru ttft 51 p99 342 hit 0.46
trace-b 1200 1 0.7 load exact ttft 70 p99 610 hit 0.27
trace-b 1200 1 0.7 lmetric exact ttft 54 p99 343 hit 0.46
trace-b 1200 1 0.7 lmetric dispatch ttft 56 p99 350 hit 0.43
trace-b 1200 1 0.7 lmetric lru ttft 54 p99 351 hit 0.45
trace-b 1200 1 0.7 sglang_ca dispatch ttft 78 p99 660 hit 0.47
trace-b 1200 4 0.5 load exact ttft 60 p99 466 hit 0.37
trace-b 1200 4 0.5 lmetric exact ttft 49 p99 320 hit 0.52
trace-b 1200 4 0.5 lmetric dispatch ttft 49 p99 325 hit 0.51
trace-b 1200 4 0.5 lmetric lru ttft 49 p99 318 hit 0.51
trace-b 1200 4 0.5 sglang_ca dispatch ttft 57 p99 442 hit 0.53
trace-b 1200 4 0.7 lmetric exact ttft 53 p99 329 hit 0.51
trace-b 1200 4 0.7 load exact ttft 69 p99 534 hit 0.37
trace-b 1200 4 0.7 lmetric dispatch ttft 54 p99 326 hit 0.51
trace-b 1200 4 0.7 lmetric lru ttft 53 p99 324 hit 0.51
trace-b 1200 4 0.7 sglang_ca dispatch ttft 66 p99 515 hit 0.51
trace-b 1200 16 0.5 load exact ttft 57 p99 405 hit 0.44
trace-b 1200 16 0.5 lmetric exact ttft 48 p99 304 hit 0.53
trace-b 1200 16 0.5 lmetric dispatch ttft 48 p99 302 hit 0.53
trace-b 1200 16 0.5 lmetric lru ttft 48 p99 302 hit 0.53
trace-b 1200 16 0.5 sglang_ca dispatch ttft 58 p99 427 hit 0.54
trace-b 1200 16 0.7 load exact ttft 66 p99 475 hit 0.44
trace-b 1200 16 0.7 lmetric exact ttft 54 p99 314 hit 0.53
trace-b 1200 16 0.7 lmetric dispatch ttft 54 p99 314 hit 0.53
trace-b 1200 16 0.7 lmetric lru ttft 54 p99 314 hit 0.53
trace-b 1200 16 0.7 sglang_ca dispatch ttft 68 p99 523 hit 0.54
trace-b 1800 1 0.5 load exact ttft 67 p99 582 hit 0.21
trace-b 1800 1 0.5 lmetric exact ttft 54 p99 433 hit 0.41
trace-b 1800 1 0.5 lmetric dispatch ttft 56 p99 450 hit 0.37
trace-b 1800 1 0.5 sglang_ca dispatch ttft 64 p99 563 hit 0.43
trace-b 1800 1 0.5 lmetric lru ttft 54 p99 425 hit 0.41
trace-b 1800 1 0.7 load exact ttft 75 p99 613 hit 0.21
trace-b 1800 1 0.7 lmetric exact ttft 58 p99 436 hit 0.41
trace-b 1800 1 0.7 lmetric dispatch ttft 61 p99 470 hit 0.37
trace-b 1800 4 0.5 load exact ttft 65 p99 554 hit 0.31
trace-b 1800 1 0.7 sglang_ca dispatch ttft 81 p99 776 hit 0.43
trace-b 1800 1 0.7 lmetric lru ttft 58 p99 439 hit 0.40
trace-b 1800 4 0.5 lmetric exact ttft 51 p99 408 hit 0.48
trace-b 1800 4 0.5 lmetric dispatch ttft 52 p99 411 hit 0.47
trace-b 1800 4 0.5 lmetric lru ttft 52 p99 410 hit 0.48
trace-b 1800 4 0.5 sglang_ca dispatch ttft 62 p99 509 hit 0.49
trace-b 1800 4 0.7 lmetric exact ttft 57 p99 426 hit 0.48
trace-b 1800 4 0.7 load exact ttft 77 p99 625 hit 0.31
trace-b 1800 4 0.7 lmetric dispatch ttft 57 p99 419 hit 0.47
trace-b 1800 4 0.7 lmetric lru ttft 57 p99 422 hit 0.48
trace-b 1800 4 0.7 sglang_ca dispatch ttft 73 p99 612 hit 0.49
trace-b 1800 16 0.5 load exact ttft 62 p99 506 hit 0.39
trace-b 1800 16 0.5 lmetric exact ttft 51 p99 398 hit 0.50
trace-b 1800 16 0.5 lmetric dispatch ttft 51 p99 400 hit 0.50
trace-b 1800 16 0.5 lmetric lru ttft 51 p99 400 hit 0.50
trace-b 1800 16 0.5 sglang_ca dispatch ttft 67 p99 550 hit 0.51
trace-b 1800 16 0.7 load exact ttft 77 p99 626 hit 0.39
trace-b 1800 16 0.7 lmetric exact ttft 59 p99 414 hit 0.50
trace-b 1800 16 0.7 lmetric dispatch ttft 59 p99 421 hit 0.50
trace-b 1800 16 0.7 lmetric lru ttft 59 p99 421 hit 0.50
trace-b 1800 16 0.7 sglang_ca dispatch ttft 75 p99 578 hit 0.51
